Archive member included to satisfy reference by file (symbol)

C:/st/STM32CubeIDE_1.16.0/STM32CubeIDE/plugins/com.st.stm32cube.ide.mcu.externaltools.gnu-tools-for-stm32.12.3.rel1.win32_1.0.200.202406191623/tools/bin/../lib/gcc/arm-none-eabi/12.3.1/../../../../arm-none-eabi/lib/thumb/v7e-m+fp/hard\libc_nano.a(libc_a-exit.o)
                              C:/st/STM32CubeIDE_1.16.0/STM32CubeIDE/plugins/com.st.stm32cube.ide.mcu.externaltools.gnu-tools-for-stm32.12.3.rel1.win32_1.0.200.202406191623/tools/bin/../lib/gcc/arm-none-eabi/12.3.1/../../../../arm-none-eabi/lib/thumb/v7e-m+fp/hard/crt0.o (exit)
C:/st/STM32CubeIDE_1.16.0/STM32CubeIDE/plugins/com.st.stm32cube.ide.mcu.externaltools.gnu-tools-for-stm32.12.3.rel1.win32_1.0.200.202406191623/tools/bin/../lib/gcc/arm-none-eabi/12.3.1/../../../../arm-none-eabi/lib/thumb/v7e-m+fp/hard\libc_nano.a(libc_a-findfp.o)
                              C:/st/STM32CubeIDE_1.16.0/STM32CubeIDE/plugins/com.st.stm32cube.ide.mcu.externaltools.gnu-tools-for-stm32.12.3.rel1.win32_1.0.200.202406191623/tools/bin/../lib/gcc/arm-none-eabi/12.3.1/../../../../arm-none-eabi/lib/thumb/v7e-m+fp/hard\libc_nano.a(libc_a-exit.o) (__stdio_exit_handler)
C:/st/STM32CubeIDE_1.16.0/STM32CubeIDE/plugins/com.st.stm32cube.ide.mcu.externaltools.gnu-tools-for-stm32.12.3.rel1.win32_1.0.200.202406191623/tools/bin/../lib/gcc/arm-none-eabi/12.3.1/../../../../arm-none-eabi/lib/thumb/v7e-m+fp/hard\libc_nano.a(libc_a-fwalk.o)
                              C:/st/STM32CubeIDE_1.16.0/STM32CubeIDE/plugins/com.st.stm32cube.ide.mcu.externaltools.gnu-tools-for-stm32.12.3.rel1.win32_1.0.200.202406191623/tools/bin/../lib/gcc/arm-none-eabi/12.3.1/../../../../arm-none-eabi/lib/thumb/v7e-m+fp/hard\libc_nano.a(libc_a-findfp.o) (_fwalk_sglue)
C:/st/STM32CubeIDE_1.16.0/STM32CubeIDE/plugins/com.st.stm32cube.ide.mcu.externaltools.gnu-tools-for-stm32.12.3.rel1.win32_1.0.200.202406191623/tools/bin/../lib/gcc/arm-none-eabi/12.3.1/../../../../arm-none-eabi/lib/thumb/v7e-m+fp/hard\libc_nano.a(libc_a-sprintf.o)
                              ./Core/Src/main.o (sprintf)
C:/st/STM32CubeIDE_1.16.0/STM32CubeIDE/plugins/com.st.stm32cube.ide.mcu.externaltools.gnu-tools-for-stm32.12.3.rel1.win32_1.0.200.202406191623/tools/bin/../lib/gcc/arm-none-eabi/12.3.1/../../../../arm-none-eabi/lib/thumb/v7e-m+fp/hard\libc_nano.a(libc_a-stdio.o)
                              C:/st/STM32CubeIDE_1.16.0/STM32CubeIDE/plugins/com.st.stm32cube.ide.mcu.externaltools.gnu-tools-for-stm32.12.3.rel1.win32_1.0.200.202406191623/tools/bin/../lib/gcc/arm-none-eabi/12.3.1/../../../../arm-none-eabi/lib/thumb/v7e-m+fp/hard\libc_nano.a(libc_a-findfp.o) (__sread)
C:/st/STM32CubeIDE_1.16.0/STM32CubeIDE/plugins/com.st.stm32cube.ide.mcu.externaltools.gnu-tools-for-stm32.12.3.rel1.win32_1.0.200.202406191623/tools/bin/../lib/gcc/arm-none-eabi/12.3.1/../../../../arm-none-eabi/lib/thumb/v7e-m+fp/hard\libc_nano.a(libc_a-memset.o)
                              C:/st/STM32CubeIDE_1.16.0/STM32CubeIDE/plugins/com.st.stm32cube.ide.mcu.externaltools.gnu-tools-for-stm32.12.3.rel1.win32_1.0.200.202406191623/tools/bin/../lib/gcc/arm-none-eabi/12.3.1/../../../../arm-none-eabi/lib/thumb/v7e-m+fp/hard/crt0.o (memset)
C:/st/STM32CubeIDE_1.16.0/STM32CubeIDE/plugins/com.st.stm32cube.ide.mcu.externaltools.gnu-tools-for-stm32.12.3.rel1.win32_1.0.200.202406191623/tools/bin/../lib/gcc/arm-none-eabi/12.3.1/../../../../arm-none-eabi/lib/thumb/v7e-m+fp/hard\libc_nano.a(libc_a-closer.o)
                              C:/st/STM32CubeIDE_1.16.0/STM32CubeIDE/plugins/com.st.stm32cube.ide.mcu.externaltools.gnu-tools-for-stm32.12.3.rel1.win32_1.0.200.202406191623/tools/bin/../lib/gcc/arm-none-eabi/12.3.1/../../../../arm-none-eabi/lib/thumb/v7e-m+fp/hard\libc_nano.a(libc_a-stdio.o) (_close_r)
C:/st/STM32CubeIDE_1.16.0/STM32CubeIDE/plugins/com.st.stm32cube.ide.mcu.externaltools.gnu-tools-for-stm32.12.3.rel1.win32_1.0.200.202406191623/tools/bin/../lib/gcc/arm-none-eabi/12.3.1/../../../../arm-none-eabi/lib/thumb/v7e-m+fp/hard\libc_nano.a(libc_a-reent.o)
                              C:/st/STM32CubeIDE_1.16.0/STM32CubeIDE/plugins/com.st.stm32cube.ide.mcu.externaltools.gnu-tools-for-stm32.12.3.rel1.win32_1.0.200.202406191623/tools/bin/../lib/gcc/arm-none-eabi/12.3.1/../../../../arm-none-eabi/lib/thumb/v7e-m+fp/hard\libc_nano.a(libc_a-closer.o) (errno)
C:/st/STM32CubeIDE_1.16.0/STM32CubeIDE/plugins/com.st.stm32cube.ide.mcu.externaltools.gnu-tools-for-stm32.12.3.rel1.win32_1.0.200.202406191623/tools/bin/../lib/gcc/arm-none-eabi/12.3.1/../../../../arm-none-eabi/lib/thumb/v7e-m+fp/hard\libc_nano.a(libc_a-impure.o)
                              C:/st/STM32CubeIDE_1.16.0/STM32CubeIDE/plugins/com.st.stm32cube.ide.mcu.externaltools.gnu-tools-for-stm32.12.3.rel1.win32_1.0.200.202406191623/tools/bin/../lib/gcc/arm-none-eabi/12.3.1/../../../../arm-none-eabi/lib/thumb/v7e-m+fp/hard\libc_nano.a(libc_a-sprintf.o) (_impure_ptr)
[...]
Memory Configuration

Name             Origin             Length             Attributes
CCMRAM           0x10000000         0x00002000         xrw
RAM              0x20000000         0x0000a000         xrw
FLASH            0x08000000         0x00040000         xr
*default*        0x00000000         0xffffffff

Linker script and memory map

LOAD C:/st/STM32CubeIDE_1.16.0/STM32CubeIDE/plugins/com.st.stm32cube.ide.mcu.externaltools.gnu-tools-for-stm32.12.3.rel1.win32_1.0.200.202406191623/tools/bin/../lib/gcc/arm-none-eabi/12.3.1/thumb/v7e-m+fp/hard/crti.o
LOAD C:/st/STM32CubeIDE_1.16.0/STM32CubeIDE/plugins/com.st.stm32cube.ide.mcu.externaltools.gnu-tools-for-stm32.12.3.rel1.win32_1.0.200.202406191623/tools/bin/../lib/gcc/arm-none-eabi/12.3.1/thumb/v7e-m+fp/hard/crtbegin.o
LOAD C:/st/STM32CubeIDE_1.16.0/STM32CubeIDE/plugins/com.st.stm32cube.ide.mcu.externaltools.gnu-tools-for-stm32.12.3.rel1.win32_1.0.200.202406191623/tools/bin/../lib/gcc/arm-none-eabi/12.3.1/../../../../arm-none-eabi/lib/thumb/v7e-m+fp/hard/crt0.o
LOAD ./Core/Src/lms303dlhc.o
LOAD ./Core/Src/main.o
LOAD ./Core/Src/stm32f3xx_hal_msp.o
LOAD ./Core/Src/stm32f3xx_it.o
LOAD ./Core/Src/syscalls.o
LOAD ./Core/Src/sysmem.o
LOAD ./Core/Src/system_stm32f3xx.o
LOAD ./Core/Startup/startup_stm32f303vctx.o
LOAD ./Drivers/STM32F3xx_HAL_Driver/Src/stm32f3xx_hal.o
LOAD ./Drivers/STM32F3xx_HAL_Driver/Src/stm32f3xx_hal_cortex.o
LOAD ./Drivers/STM32F3xx_HAL_Driver/Src/stm32f3xx_hal_dma.o
LOAD ./Drivers/STM32F3xx_HAL_Driver/Src/stm32f3xx_hal_exti.o
LOAD ./Drivers/STM32F3xx_HAL_Driver/Src/stm32f3xx_hal_flash.o
LOAD ./Drivers/STM32F3xx_HAL_Driver/Src/stm32f3xx_hal_flash_ex.o
LOAD ./Drivers/STM32F3xx_HAL_Driver/Src/stm32f3xx_hal_gpio.o
LOAD ./Drivers/STM32F3xx_HAL_Driver/Src/stm32f3xx_hal_i2c.o
LOAD ./Drivers/STM32F3xx_HAL_Driver/Src/stm32f3xx_hal_i2c_ex.o
LOAD ./Drivers/STM32F3xx_HAL_Driver/Src/stm32f3xx_hal_pcd.o
LOAD ./Drivers/STM32F3xx_HAL_Driver/Src/stm32f3xx_hal_pcd_ex.o
LOAD ./Drivers/STM32F3xx_HAL_Driver/Src/stm32f3xx_hal_pwr.o
LOAD ./Drivers/STM32F3xx_HAL_Driver/Src/stm32f3xx_hal_pwr_ex.o
LOAD ./Drivers/STM32F3xx_HAL_Driver/Src/stm32f3xx_hal_rcc.o
LOAD ./Drivers/STM32F3xx_HAL_Driver/Src/stm32f3xx_hal_rcc_ex.o
LOAD ./Drivers/STM32F3xx_HAL_Driver/Src/stm32f3xx_hal_spi.o
LOAD ./Drivers/STM32F3xx_HAL_Driver/Src/stm32f3xx_hal_spi_ex.o
LOAD ./Drivers/STM32F3xx_HAL_Driver/Src/stm32f3xx_hal_tim.o
LOAD ./Drivers/STM32F3xx_HAL_Driver/Src/stm32f3xx_hal_tim_ex.o
LOAD ./Drivers/STM32F3xx_HAL_Driver/Src/stm32f3xx_hal_uart.o
LOAD ./Drivers/STM32F3xx_HAL_Driver/Src/stm32f3xx_hal_uart_ex.o
LOAD ./Drivers/STM32F3xx_HAL_Driver/Src/stm32f3xx_ll_usb.o
LOAD ./Middlewares/ST/STM32_USB_Device_Library/Class/CDC/Src/usbd_cdc.o
LOAD ./Middlewares/ST/STM32_USB_Device_Library/Core/Src/usbd_core.o
LOAD ./Middlewares/ST/STM32_USB_Device_Library/Core/Src/usbd_ctlreq.o
LOAD ./Middlewares/ST/STM32_USB_Device_Library/Core/Src/usbd_ioreq.o
LOAD ./USB_DEVICE/App/usb_device.o
LOAD ./USB_DEVICE/App/usbd_cdc_if.o
LOAD ./USB_DEVICE/App/usbd_desc.o
LOAD ./USB_DEVICE/Target/usbd_conf.o
START GROUP
LOAD C:/st/STM32CubeIDE_1.16.0/STM32CubeIDE/plugins/com.st.stm32cube.ide.mcu.externaltools.gnu-tools-for-stm32.12.3.rel1.win32_1.0.200.202406191623/tools/bin/../lib/gcc/arm-none-eabi/12.3.1/../../../../arm-none-eabi/lib/thumb/v7e-m+fp/hard\libc_nano.a
LOAD C:/st/STM32CubeIDE_1.16.0/STM32CubeIDE/plugins/com.st.stm32cube.ide.mcu.externaltools.gnu-tools-for-stm32.12.3.rel1.win32_1.0.200.202406191623/tools/bin/../lib/gcc/arm-none-eabi/12.3.1/../../../../arm-none-eabi/lib/thumb/v7e-m+fp/hard\libm.a
END GROUP
START GROUP
LOAD C:/st/STM32CubeIDE_1.16.0/STM32CubeIDE/plugins/com.st.stm32cube.ide.mcu.externaltools.gnu-tools-for-stm32.12.3.rel1.win32_1.0.200.202406191623/tools/bin/../lib/gcc/arm-none-eabi/12.3.1/thumb/v7e-m+fp/hard\libgcc.a
LOAD C:/st/STM32CubeIDE_1.16.0/STM32CubeIDE/plugins/com.st.stm32cube.ide.mcu.externaltools.gnu-tools-for-stm32.12.3.rel1.win32_1.0.200.202406191623/tools/bin/../lib/gcc/arm-none-eabi/12.3.1/../../../../arm-none-eabi/lib/thumb/v7e-m+fp/hard\libc_nano.a
END GROUP
START GROUP
LOAD C:/st/STM32CubeIDE_1.16.0/STM32CubeIDE/plugins/com.st.stm32cube.ide.mcu.externaltools.gnu-tools-for-stm32.12.3.rel1.win32_1.0.200.202406191623/tools/bin/../lib/gcc/arm-none-eabi/12.3.1/thumb/v7e-m+fp/hard\libgcc.a
LOAD C:/st/STM32CubeIDE_1.16.0/STM32CubeIDE/plugins/com.st.stm32cube.ide.mcu.externaltools.gnu-tools-for-stm32.12.3.rel1.win32_1.0.200.202406191623/tools/bin/../lib/gcc/arm-none-eabi/12.3.1/../../../../arm-none-eabi/lib/thumb/v7e-m+fp/hard\libc_nano.a
LOAD C:/st/STM32CubeIDE_1.16.0/STM32CubeIDE/plugins/com.st.stm32cube.ide.mcu.externaltools.gnu-tools-for-stm32.12.3.rel1.win32_1.0.200.202406191623/tools/bin/../lib/gcc/arm-none-eabi/12.3.1/../../../../arm-none-eabi/lib/thumb/v7e-m+fp/hard\libnosys.a
END GROUP
START GROUP
LOAD C:/st/STM32CubeIDE_1.16.0/STM32CubeIDE/plugins/com.st.stm32cube.ide.mcu.externaltools.gnu-tools-for-stm32.12.3.rel1.win32_1.0.200.202406191623/tools/bin/../lib/gcc/arm-none-eabi/12.3.1/thumb/v7e-m+fp/hard\libgcc.a
LOAD C:/st/STM32CubeIDE_1.16.0/STM32CubeIDE/plugins/com.st.stm32cube.ide.mcu.externaltools.gnu-tools-for-stm32.12.3.rel1.win32_1.0.200.202406191623/tools/bin/../lib/gcc/arm-none-eabi/12.3.1/../../../../arm-none-eabi/lib/thumb/v7e-m+fp/hard\libc_nano.a
LOAD C:/st/STM32CubeIDE_1.16.0/STM32CubeIDE/plugins/com.st.stm32cube.ide.mcu.externaltools.gnu-tools-for-stm32.12.3.rel1.win32_1.0.200.202406191623/tools/bin/../lib/gcc/arm-none-eabi/12.3.1/../../../../arm-none-eabi/lib/thumb/v7e-m+fp/hard\libnosys.a
END GROUP
LOAD C:/st/STM32CubeIDE_1.16.0/STM32CubeIDE/plugins/com.st.stm32cube.ide.mcu.externaltools.gnu-tools-for-stm32.12.3.rel1.win32_1.0.200.202406191623/tools/bin/../lib/gcc/arm-none-eabi/12.3.1/thumb/v7e-m+fp/hard/crtend.o
LOAD C:/st/STM32CubeIDE_1.16.0/STM32CubeIDE/plugins/com.st.stm32cube.ide.mcu.externaltools.gnu-tools-for-stm32.12.3.rel1.win32_1.0.200.202406191623/tools/bin/../lib/gcc/arm-none-eabi/12.3.1/thumb/v7e-m+fp/hard/crtn.o
                0x2000a000                        _estack = (ORIGIN (RAM) + LENGTH (RAM))
                0x00000200                        _Min_Heap_Size = 0x200
                0x00000400                        _Min_Stack_Size = 0x400

.isr_vector     0x08000000      0x188
                0x08000000                        . = ALIGN (0x4)
 *(.isr_vector)
 .isr_vector    0x08000000      0x188 ./Core/Startup/startup_stm32f303vctx.o
                0x08000000                g_pfnVectors
                0x08000188                        . = ALIGN (0x4)

.text           0x08000190     0xad8c
                0x08000190                        . = ALIGN (0x4)
 *(.text)
 .text          0x08000190       0x40 C:/st/STM32CubeIDE_1.16.0/STM32CubeIDE/plugins/com.st.stm32cube.ide.mcu.externaltools.gnu-tools-for-stm32.12.3.rel1.win32_1.0.200.202406191623/tools/bin/../lib/gcc/arm-none-eabi/12.3.1/thumb/v7e-m+fp/hard/crtbegin.o
 .text          0x080001d0       0x10 C:/st/STM32CubeIDE_1.16.0/STM32CubeIDE/plugins/com.st.stm32cube.ide.mcu.externaltools.gnu-tools-for-stm32.12.3.rel1.win32_1.0.200.202406191623/tools/bin/../lib/gcc/arm-none-eabi/12.3.1/../../../../arm-none-eabi/lib/thumb/v7e-m+fp/hard\libc_nano.a(libc_a-strlen.o)
                0x080001d0                strlen
 .text          0x080001e0       0xa0 C:/st/STM32CubeIDE_1.16.0/STM32CubeIDE/plugins/com.st.stm32cube.ide.mcu.externaltools.gnu-tools-for-stm32.12.3.rel1.win32_1.0.200.202406191623/tools/bin/../lib/gcc/arm-none-eabi/12.3.1/../../../../arm-none-eabi/lib/thumb/v7e-m+fp/hard\libc_nano.a(libc_a-memchr.o)
                0x080001e0                memchr
 *(.text*)
 .text.Error    0x08000280       0x18 ./Core/Src/lms303dlhc.o
                0x08000280                Error
 .text.I2Cx_ReadData
                0x08000298       0x54 ./Core/Src/lms303dlhc.o
 .text.Accel_IO_Read
                0x080002ec       0x26 ./Core/Src/lms303dlhc.o
                0x080002ec                Accel_IO_Read
 *fill*         0x08000312        0x2 
 .text.I2Cx_WriteData
                0x08000314       0x4c ./Core/Src/lms303dlhc.o
 .text.Accel_IO_Write
                0x08000360       0x28 ./Core/Src/lms303dlhc.o
                0x08000360                Accel_IO_Write
 .text.Accel_GetXYZ
                0x08000388      0x190 ./Core/Src/lms303dlhc.o
                0x08000388                Accel_GetXYZ
 .text.Accel_ReadID
                0x08000518       0x20 ./Core/Src/lms303dlhc.o
                0x08000518                Accel_ReadID
 .text.Mag_GetXYZ
                0x08000538       0xb0 ./Core/Src/lms303dlhc.o
                0x08000538                Mag_GetXYZ
 .text.MagInit  0x080005e8       0x44 ./Core/Src/lms303dlhc.o
                0x080005e8                MagInit
 .text.AccInit  0x0800062c       0x36 ./Core/Src/lms303dlhc.o
                0x0800062c                AccInit
 .text.Accel_AccFilterConfig
                0x08000662       0x3a ./Core/Src/lms303dlhc.o
                0x08000662                Accel_AccFilterConfig
 .text.Accel_Ini
                0x0800069c       0x6c ./Core/Src/lms303dlhc.o
                0x0800069c                Accel_Ini
 .text.AccelMag_Ini
                0x08000708       0x6c ./Core/Src/lms303dlhc.o
                0x08000708                AccelMag_Ini
 .text.V3fTransform
                0x08000774       0xee ./Core/Src/main.o
                0x08000774                V3fTransform
 *fill*         0x08000862        0x2 
 .text.main     0x08000864      0x17c ./Core/Src/main.o
                0x08000864                main
 .text.SystemClock_Config
                0x080009e0       0xc4 ./Core/Src/main.o
                0x080009e0                SystemClock_Config
 .text.MX_I2C1_Init
                0x08000aa4       0x80 ./Core/Src/main.o
 .text.MX_SPI1_Init
                0x08000b24       0x7c ./Core/Src/main.o
 .text.MX_USART2_UART_Init
                0x08000ba0       0x60 ./Core/Src/main.o
 .text.MX_GPIO_Init
                0x08000c00       0xfc ./Core/Src/main.o
 .text.Error_Handler
                0x08000cfc        0xc ./Core/Src/main.o
                0x08000cfc                Error_Handler
 .text.HAL_MspInit
                0x08000d08       0x48 ./Core/Src/stm32f3xx_hal_msp.o
                0x08000d08                HAL_MspInit
 .text.HAL_I2C_MspInit
                0x08000d50       0x88 ./Core/Src/stm32f3xx_hal_msp.o
                0x08000d50                HAL_I2C_MspInit
 .text.HAL_SPI_MspInit
                0x08000dd8       0x84 ./Core/Src/stm32f3xx_hal_msp.o
                0x08000dd8                HAL_SPI_MspInit
 .text.HAL_UART_MspInit
                0x08000e5c       0x84 ./Core/Src/stm32f3xx_hal_msp.o
                0x08000e5c                HAL_UART_MspInit
 .text.NMI_Handler
                0x08000ee0        0x8 ./Core/Src/stm32f3xx_it.o
                0x08000ee0                NMI_Handler
 .text.HardFault_Handler
                0x08000ee8        0x8 ./Core/Src/stm32f3xx_it.o
                0x08000ee8                HardFault_Handler
 .text.MemManage_Handler
                0x08000ef0        0x8 ./Core/Src/stm32f3xx_it.o
                0x08000ef0                MemManage_Handler
 .text.BusFault_Handler
                0x08000ef8        0x8 ./Core/Src/stm32f3xx_it.o
                0x08000ef8                BusFault_Handler
 .text.UsageFault_Handler
                0x08000f00        0x8 ./Core/Src/stm32f3xx_it.o
                0x08000f00                UsageFault_Handler
 .text.SVC_Handler
                0x08000f08        0xe ./Core/Src/stm32f3xx_it.o
                0x08000f08                SVC_Handler
 .text.DebugMon_Handler
                0x08000f16        0xe ./Core/Src/stm32f3xx_it.o
                0x08000f16                DebugMon_Handler
 .text.PendSV_Handler
                0x08000f24        0xe ./Core/Src/stm32f3xx_it.o
                0x08000f24                PendSV_Handler
 .text.SysTick_Handler
                0x08000f32        0xc ./Core/Src/stm32f3xx_it.o
                0x08000f32                SysTick_Handler
 *fill*         0x08000f3e        0x2 
 .text.USB_LP_CAN_RX0_IRQHandler
                0x08000f40       0x14 ./Core/Src/stm32f3xx_it.o
                0x08000f40                USB_LP_CAN_RX0_IRQHandler
 .text._sbrk    0x08000f54       0x6c ./Core/Src/sysmem.o
                0x08000f54                _sbrk
 .text.SystemInit
                0x08000fc0       0x24 ./Core/Src/system_stm32f3xx.o
                0x08000fc0                SystemInit
 .text.Reset_Handler
                0x08000fe4       0x50 ./Core/Startup/startup_stm32f303vctx.o
                0x08000fe4                Reset_Handler
 .text.Default_Handler
                0x08001034        0x2 ./Core/Startup/startup_stm32f303vctx.o
                0x08001034                RTC_Alarm_IRQHandler
                0x08001034                TIM8_TRG_COM_IRQHandler
                0x08001034                TIM8_CC_IRQHandler
                0x08001034                TIM1_CC_IRQHandler
                0x08001034                USB_HP_IRQHandler
                0x08001034                PVD_IRQHandler
                0x08001034                TAMP_STAMP_IRQHandler
                0x08001034                EXTI3_IRQHandler
                0x08001034                USB_HP_CAN_TX_IRQHandler
                0x08001034                EXTI0_IRQHandler
                0x08001034                I2C2_EV_IRQHandler
                0x08001034                FPU_IRQHandler
                0x08001034                TIM1_UP_TIM16_IRQHandler
                0x08001034                ADC1_2_IRQHandler
                0x08001034                SPI1_IRQHandler
                0x08001034                CAN_SCE_IRQHandler
                0x08001034                TIM6_DAC_IRQHandler
                0x08001034                TIM8_UP_IRQHandler
                0x08001034                DMA2_Channel2_IRQHandler
                0x08001034                DMA1_Channel4_IRQHandler
                0x08001034                USART3_IRQHandler
                0x08001034                DMA1_Channel7_IRQHandler
                0x08001034                UART5_IRQHandler
                0x08001034                ADC3_IRQHandler
                0x08001034                TIM4_IRQHandler
                0x08001034                CAN_RX1_IRQHandler
                0x08001034                DMA2_Channel1_IRQHandler
                0x08001034                I2C1_EV_IRQHandler
                0x08001034                DMA1_Channel6_IRQHandler
                0x08001034                UART4_IRQHandler
                0x08001034                DMA2_Channel4_IRQHandler
                0x08001034                TIM3_IRQHandler
                0x08001034                RCC_IRQHandler
                0x08001034                DMA1_Channel1_IRQHandler
                0x08001034                Default_Handler
                0x08001034                USBWakeUp_RMP_IRQHandler
                0x08001034                EXTI15_10_IRQHandler
                0x08001034                TIM7_IRQHandler
                0x08001034                EXTI9_5_IRQHandler
                0x08001034                RTC_WKUP_IRQHandler
                0x08001034                SPI2_IRQHandler
                0x08001034                DMA2_Channel5_IRQHandler
                0x08001034                DMA1_Channel5_IRQHandler
                0x08001034                USB_LP_IRQHandler
                0x08001034                EXTI4_IRQHandler
                0x08001034                TIM1_TRG_COM_TIM17_IRQHandler
                0x08001034                DMA1_Channel3_IRQHandler
                0x08001034                ADC4_IRQHandler
                0x08001034                WWDG_IRQHandler
                0x08001034                TIM2_IRQHandler
                0x08001034                COMP7_IRQHandler
                0x08001034                COMP1_2_3_IRQHandler
                0x08001034                EXTI1_IRQHandler
                0x08001034                USART2_IRQHandler
                0x08001034                COMP4_5_6_IRQHandler
                0x08001034                I2C2_ER_IRQHandler
                0x08001034                DMA1_Channel2_IRQHandler
                0x08001034                TIM8_BRK_IRQHandler
                0x08001034                FLASH_IRQHandler
                0x08001034                USART1_IRQHandler
                0x08001034                SPI3_IRQHandler
                0x08001034                I2C1_ER_IRQHandler
                0x08001034                USBWakeUp_IRQHandler
                0x08001034                DMA2_Channel3_IRQHandler
                0x08001034                EXTI2_TSC_IRQHandler
                0x08001034                TIM1_BRK_TIM15_IRQHandler
 *fill*         0x08001036        0x2 
 .text.HAL_Init
                0x08001038       0x2c ./Drivers/STM32F3xx_HAL_Driver/Src/stm32f3xx_hal.o
                0x08001038                HAL_Init
 .text.HAL_InitTick
                0x08001064       0x60 ./Drivers/STM32F3xx_HAL_Driver/Src/stm32f3xx_hal.o
                0x08001064                HAL_InitTick
 .text.HAL_IncTick
                0x080010c4       0x28 ./Drivers/STM32F3xx_HAL_Driver/Src/stm32f3xx_hal.o
                0x080010c4                HAL_IncTick
 .text.HAL_GetTick
                0x080010ec       0x18 ./Drivers/STM32F3xx_HAL_Driver/Src/stm32f3xx_hal.o
                0x080010ec                HAL_GetTick
 .text.HAL_Delay
                0x08001104       0x48 ./Drivers/STM32F3xx_HAL_Driver/Src/stm32f3xx_hal.o
                0x08001104                HAL_Delay
 .text.__NVIC_SetPriorityGrouping
                0x0800114c       0x48 ./Drivers/STM32F3xx_HAL_Driver/Src/stm32f3xx_hal_cortex.o
 .text.__NVIC_GetPriorityGrouping
                0x08001194       0x1c ./Drivers/STM32F3xx_HAL_Driver/Src/stm32f3xx_hal_cortex.o
 .text.__NVIC_EnableIRQ
                0x080011b0       0x3c ./Drivers/STM32F3xx_HAL_Driver/Src/stm32f3xx_hal_cortex.o
 .text.__NVIC_SetPriority
                0x080011ec       0x54 ./Drivers/STM32F3xx_HAL_Driver/Src/stm32f3xx_hal_cortex.o
 .text.NVIC_EncodePriority
                0x08001240       0x66 ./Drivers/STM32F3xx_HAL_Driver/Src/stm32f3xx_hal_cortex.o
 *fill*         0x080012a6        0x2 
 .text.SysTick_Config
                0x080012a8       0x44 ./Drivers/STM32F3xx_HAL_Driver/Src/stm32f3xx_hal_cortex.o
 .text.HAL_NVIC_SetPriorityGrouping
                0x080012ec       0x16 ./Drivers/STM32F3xx_HAL_Driver/Src/stm32f3xx_hal_cortex.o
                0x080012ec                HAL_NVIC_SetPriorityGrouping
 .text.HAL_NVIC_SetPriority
                0x08001302       0x38 ./Drivers/STM32F3xx_HAL_Driver/Src/stm32f3xx_hal_cortex.o
                0x08001302                HAL_NVIC_SetPriority
 .text.HAL_NVIC_EnableIRQ
                0x0800133a       0x1c ./Drivers/STM32F3xx_HAL_Driver/Src/stm32f3xx_hal_cortex.o
                0x0800133a                HAL_NVIC_EnableIRQ
 .text.HAL_SYSTICK_Config
                0x08001356       0x18 ./Drivers/STM32F3xx_HAL_Driver/Src/stm32f3xx_hal_cortex.o
                0x08001356                HAL_SYSTICK_Config
 *fill*         0x0800136e        0x2 
 .text.HAL_GPIO_Init
                0x08001370      0x2f4 ./Drivers/STM32F3xx_HAL_Driver/Src/stm32f3xx_hal_gpio.o
                0x08001370                HAL_GPIO_Init
 .text.HAL_GPIO_WritePin
                0x08001664       0x30 ./Drivers/STM32F3xx_HAL_Driver/Src/stm32f3xx_hal_gpio.o
                0x08001664                HAL_GPIO_WritePin
 .text.HAL_I2C_Init
                0x08001694      0x136 ./Drivers/STM32F3xx_HAL_Driver/Src/stm32f3xx_hal_i2c.o
                0x08001694                HAL_I2C_Init
 *fill*         0x080017ca        0x2 
 .text.HAL_I2C_Mem_Write
                0x080017cc      0x228 ./Drivers/STM32F3xx_HAL_Driver/Src/stm32f3xx_hal_i2c.o
                0x080017cc                HAL_I2C_Mem_Write
 .text.HAL_I2C_Mem_Read
                0x080019f4      0x234 ./Drivers/STM32F3xx_HAL_Driver/Src/stm32f3xx_hal_i2c.o
                0x080019f4                HAL_I2C_Mem_Read
 .text.I2C_RequestMemoryWrite
                0x08001c28       0xa8 ./Drivers/STM32F3xx_HAL_Driver/Src/stm32f3xx_hal_i2c.o
 .text.I2C_RequestMemoryRead
                0x08001cd0       0xa8 ./Drivers/STM32F3xx_HAL_Driver/Src/stm32f3xx_hal_i2c.o
 .text.I2C_Flush_TXDR
                0x08001d78       0x48 ./Drivers/STM32F3xx_HAL_Driver/Src/stm32f3xx_hal_i2c.o
 .text.I2C_WaitOnFlagUntilTimeout
                0x08001dc0       0xb2 ./Drivers/STM32F3xx_HAL_Driver/Src/stm32f3xx_hal_i2c.o
 .text.I2C_WaitOnTXISFlagUntilTimeout
                0x08001e72       0x8e ./Drivers/STM32F3xx_HAL_Driver/Src/stm32f3xx_hal_i2c.o
 .text.I2C_WaitOnSTOPFlagUntilTimeout
                0x08001f00       0x86 ./Drivers/STM32F3xx_HAL_Driver/Src/stm32f3xx_hal_i2c.o
 *fill*         0x08001f86        0x2 
 .text.I2C_IsErrorOccurred
                0x08001f88      0x1c0 ./Drivers/STM32F3xx_HAL_Driver/Src/stm32f3xx_hal_i2c.o
 .text.I2C_TransferConfig
                0x08002148       0x64 ./Drivers/STM32F3xx_HAL_Driver/Src/stm32f3xx_hal_i2c.o
 .text.HAL_I2CEx_ConfigAnalogFilter
                0x080021ac       0x96 ./Drivers/STM32F3xx_HAL_Driver/Src/stm32f3xx_hal_i2c_ex.o
                0x080021ac                HAL_I2CEx_ConfigAnalogFilter
 .text.HAL_I2CEx_ConfigDigitalFilter
                0x08002242       0x98 ./Drivers/STM32F3xx_HAL_Driver/Src/stm32f3xx_hal_i2c_ex.o
                0x08002242                HAL_I2CEx_ConfigDigitalFilter
 .text.HAL_PCD_Init
                0x080022da      0x18e ./Drivers/STM32F3xx_HAL_Driver/Src/stm32f3xx_hal_pcd.o
                0x080022da                HAL_PCD_Init
 .text.HAL_PCD_Start
                0x08002468       0x4c ./Drivers/STM32F3xx_HAL_Driver/Src/stm32f3xx_hal_pcd.o
                0x08002468                HAL_PCD_Start
 .text.HAL_PCD_IRQHandler
                0x080024b4      0x1a8 ./Drivers/STM32F3xx_HAL_Driver/Src/stm32f3xx_hal_pcd.o
                0x080024b4                HAL_PCD_IRQHandler
 .text.HAL_PCD_SetAddress
                0x0800265c       0x48 ./Drivers/STM32F3xx_HAL_Driver/Src/stm32f3xx_hal_pcd.o
                0x0800265c                HAL_PCD_SetAddress
 .text.HAL_PCD_EP_Open
                0x080026a4       0xba ./Drivers/STM32F3xx_HAL_Driver/Src/stm32f3xx_hal_pcd.o
                0x080026a4                HAL_PCD_EP_Open
 .text.HAL_PCD_EP_Close
                0x0800275e       0x90 ./Drivers/STM32F3xx_HAL_Driver/Src/stm32f3xx_hal_pcd.o
                0x0800275e                HAL_PCD_EP_Close
 .text.HAL_PCD_EP_Receive
                0x080027ee       0x62 ./Drivers/STM32F3xx_HAL_Driver/Src/stm32f3xx_hal_pcd.o
                0x080027ee                HAL_PCD_EP_Receive
 .text.HAL_PCD_EP_GetRxCount
                0x08002850       0x30 ./Drivers/STM32F3xx_HAL_Driver/Src/stm32f3xx_hal_pcd.o
                0x08002850                HAL_PCD_EP_GetRxCount
 .text.HAL_PCD_EP_Transmit
                0x08002880       0x6e ./Drivers/STM32F3xx_HAL_Driver/Src/stm32f3xx_hal_pcd.o
                0x08002880                HAL_PCD_EP_Transmit
 .text.HAL_PCD_EP_SetStall
                0x080028ee       0xa4 ./Drivers/STM32F3xx_HAL_Driver/Src/stm32f3xx_hal_pcd.o
                0x080028ee                HAL_PCD_EP_SetStall
 .text.HAL_PCD_EP_ClrStall
                0x08002992       0xa8 ./Drivers/STM32F3xx_HAL_Driver/Src/stm32f3xx_hal_pcd.o
                0x08002992                HAL_PCD_EP_ClrStall
 .text.PCD_EP_ISR_Handler
                0x08002a3a      0x79e ./Drivers/STM32F3xx_HAL_Driver/Src/stm32f3xx_hal_pcd.o
 .text.HAL_PCD_EP_DB_Receive
                0x080031d8      0x21a ./Drivers/STM32F3xx_HAL_Driver/Src/stm32f3xx_hal_pcd.o
 .text.HAL_PCD_EP_DB_Transmit
                0x080033f2      0x7f4 ./Drivers/STM32F3xx_HAL_Driver/Src/stm32f3xx_hal_pcd.o
 .text.HAL_PCDEx_PMAConfig
                0x08003be6       0x86 ./Drivers/STM32F3xx_HAL_Driver/Src/stm32f3xx_hal_pcd_ex.o
                0x08003be6                HAL_PCDEx_PMAConfig
 .text.HAL_RCC_OscConfig
                0x08003c6c     0x107c ./Drivers/STM32F3xx_HAL_Driver/Src/stm32f3xx_hal_rcc.o
                0x08003c6c                HAL_RCC_OscConfig
 .text.HAL_RCC_ClockConfig
                0x08004ce8      0x2f8 ./Drivers/STM32F3xx_HAL_Driver/Src/stm32f3xx_hal_rcc.o
                0x08004ce8                HAL_RCC_ClockConfig
 .text.HAL_RCC_GetSysClockFreq
                0x08004fe0       0xa8 ./Drivers/STM32F3xx_HAL_Driver/Src/stm32f3xx_hal_rcc.o
                0x08004fe0                HAL_RCC_GetSysClockFreq
 .text.HAL_RCC_GetHCLKFreq
                0x08005088       0x18 ./Drivers/STM32F3xx_HAL_Driver/Src/stm32f3xx_hal_rcc.o
                0x08005088                HAL_RCC_GetHCLKFreq
 .text.HAL_RCC_GetPCLK1Freq
                0x080050a0       0x44 ./Drivers/STM32F3xx_HAL_Driver/Src/stm32f3xx_hal_rcc.o
                0x080050a0                HAL_RCC_GetPCLK1Freq
 .text.HAL_RCC_GetPCLK2Freq
                0x080050e4       0x44 ./Drivers/STM32F3xx_HAL_Driver/Src/stm32f3xx_hal_rcc.o
                0x080050e4                HAL_RCC_GetPCLK2Freq
 .text.HAL_RCCEx_PeriphCLKConfig
                0x08005128      0x360 ./Drivers/STM32F3xx_HAL_Driver/Src/stm32f3xx_hal_rcc_ex.o
                0x08005128                HAL_RCCEx_PeriphCLKConfig
 .text.HAL_SPI_Init
                0x08005488      0x156 ./Drivers/STM32F3xx_HAL_Driver/Src/stm32f3xx_hal_spi.o
                0x08005488                HAL_SPI_Init
 .text.HAL_UART_Init
                0x080055de       0x9c ./Drivers/STM32F3xx_HAL_Driver/Src/stm32f3xx_hal_uart.o
                0x080055de                HAL_UART_Init
 *fill*         0x0800567a        0x2 
 .text.UART_SetConfig
                0x0800567c      0x3a8 ./Drivers/STM32F3xx_HAL_Driver/Src/stm32f3xx_hal_uart.o
                0x0800567c                UART_SetConfig
 .text.UART_AdvFeatureConfig
                0x08005a24      0x144 ./Drivers/STM32F3xx_HAL_Driver/Src/stm32f3xx_hal_uart.o
                0x08005a24                UART_AdvFeatureConfig
 .text.UART_CheckIdleState
                0x08005b68      0x150 ./Drivers/STM32F3xx_HAL_Driver/Src/stm32f3xx_hal_uart.o
                0x08005b68                UART_CheckIdleState
 .text.UART_WaitOnFlagUntilTimeout
                0x08005cb8       0xda ./Drivers/STM32F3xx_HAL_Driver/Src/stm32f3xx_hal_uart.o
                0x08005cb8                UART_WaitOnFlagUntilTimeout
 .text.UART_EndRxTransfer
                0x08005d92       0xc8 ./Drivers/STM32F3xx_HAL_Driver/Src/stm32f3xx_hal_uart.o
 .text.USB_EnableGlobalInt
                0x08005e5a       0x2e ./Drivers/STM32F3xx_HAL_Driver/Src/stm32f3xx_ll_usb.o
                0x08005e5a                USB_EnableGlobalInt
 .text.USB_DisableGlobalInt
                0x08005e88       0x36 ./Drivers/STM32F3xx_HAL_Driver/Src/stm32f3xx_ll_usb.o
                0x08005e88                USB_DisableGlobalInt
 .text.USB_DevInit
                0x08005ebe       0x3c ./Drivers/STM32F3xx_HAL_Driver/Src/stm32f3xx_ll_usb.o
                0x08005ebe                USB_DevInit
 *fill*         0x08005efa        0x2 
 .text.USB_ActivateEndpoint
                0x08005efc      0x788 ./Drivers/STM32F3xx_HAL_Driver/Src/stm32f3xx_ll_usb.o
                0x08005efc                USB_ActivateEndpoint
 .text.USB_DeactivateEndpoint
                0x08006684      0x3da ./Drivers/STM32F3xx_HAL_Driver/Src/stm32f3xx_ll_usb.o
                0x08006684                USB_DeactivateEndpoint
 .text.USB_EPStartXfer
                0x08006a5e     0x1764 ./Drivers/STM32F3xx_HAL_Driver/Src/stm32f3xx_ll_usb.o
                0x08006a5e                USB_EPStartXfer
 .text.USB_EPSetStall
                0x080081c2       0xa2 ./Drivers/STM32F3xx_HAL_Driver/Src/stm32f3xx_ll_usb.o
                0x080081c2                USB_EPSetStall
 .text.USB_EPClearStall
                0x08008264      0x15c ./Drivers/STM32F3xx_HAL_Driver/Src/stm32f3xx_ll_usb.o
                0x08008264                USB_EPClearStall
 .text.USB_SetDevAddress
                0x080083c0       0x28 ./Drivers/STM32F3xx_HAL_Driver/Src/stm32f3xx_ll_usb.o
                0x080083c0                USB_SetDevAddress
 .text.USB_DevConnect
                0x080083e8       0x16 ./Drivers/STM32F3xx_HAL_Driver/Src/stm32f3xx_ll_usb.o
                0x080083e8                USB_DevConnect
 .text.USB_ReadInterrupts
                0x080083fe       0x20 ./Drivers/STM32F3xx_HAL_Driver/Src/stm32f3xx_ll_usb.o
                0x080083fe                USB_ReadInterrupts
 .text.USB_WritePMA
                0x0800841e       0x8c ./Drivers/STM32F3xx_HAL_Driver/Src/stm32f3xx_ll_usb.o
                0x0800841e                USB_WritePMA
 .text.USB_ReadPMA
                0x080084aa       0xa0 ./Drivers/STM32F3xx_HAL_Driver/Src/stm32f3xx_ll_usb.o
                0x080084aa                USB_ReadPMA
 .text.USBD_CDC_Init
                0x0800854a       0xf4 ./Middlewares/ST/STM32_USB_Device_Library/Class/CDC/Src/usbd_cdc.o
 .text.USBD_CDC_DeInit
                0x0800863e       0x6e ./Middlewares/ST/STM32_USB_Device_Library/Class/CDC/Src/usbd_cdc.o
 .text.USBD_CDC_Setup
                0x080086ac      0x146 ./Middlewares/ST/STM32_USB_Device_Library/Class/CDC/Src/usbd_cdc.o
 .text.USBD_CDC_DataIn
                0x080087f2       0xa6 ./Middlewares/ST/STM32_USB_Device_Library/Class/CDC/Src/usbd_cdc.o
 .text.USBD_CDC_DataOut
                0x08008898       0x56 ./Middlewares/ST/STM32_USB_Device_Library/Class/CDC/Src/usbd_cdc.o
 .text.USBD_CDC_EP0_RxReady
                0x080088ee       0x4e ./Middlewares/ST/STM32_USB_Device_Library/Class/CDC/Src/usbd_cdc.o
 .text.USBD_CDC_GetFSCfgDesc
                0x0800893c       0x20 ./Middlewares/ST/STM32_USB_Device_Library/Class/CDC/Src/usbd_cdc.o
 .text.USBD_CDC_GetHSCfgDesc
                0x0800895c       0x20 ./Middlewares/ST/STM32_USB_Device_Library/Class/CDC/Src/usbd_cdc.o
 .text.USBD_CDC_GetOtherSpeedCfgDesc
                0x0800897c       0x20 ./Middlewares/ST/STM32_USB_Device_Library/Class/CDC/Src/usbd_cdc.o
 .text.USBD_CDC_GetDeviceQualifierDescriptor
                0x0800899c       0x20 ./Middlewares/ST/STM32_USB_Device_Library/Class/CDC/Src/usbd_cdc.o
                0x0800899c                USBD_CDC_GetDeviceQualifierDescriptor
 .text.USBD_CDC_RegisterInterface
                0x080089bc       0x2e ./Middlewares/ST/STM32_USB_Device_Library/Class/CDC/Src/usbd_cdc.o
                0x080089bc                USBD_CDC_RegisterInterface
 .text.USBD_CDC_SetTxBuffer
                0x080089ea       0x34 ./Middlewares/ST/STM32_USB_Device_Library/Class/CDC/Src/usbd_cdc.o
                0x080089ea                USBD_CDC_SetTxBuffer
 .text.USBD_CDC_SetRxBuffer
                0x08008a1e       0x28 ./Middlewares/ST/STM32_USB_Device_Library/Class/CDC/Src/usbd_cdc.o
                0x08008a1e                USBD_CDC_SetRxBuffer
 .text.USBD_CDC_TransmitPacket
                0x08008a46       0x5e ./Middlewares/ST/STM32_USB_Device_Library/Class/CDC/Src/usbd_cdc.o
                0x08008a46                USBD_CDC_TransmitPacket
 .text.USBD_CDC_ReceivePacket
                0x08008aa4       0x54 ./Middlewares/ST/STM32_USB_Device_Library/Class/CDC/Src/usbd_cdc.o
                0x08008aa4                USBD_CDC_ReceivePacket
 .text.USBD_Init
                0x08008af8       0x56 ./Middlewares/ST/STM32_USB_Device_Library/Core/Src/usbd_core.o
                0x08008af8                USBD_Init
 .text.USBD_RegisterClass
                0x08008b4e       0x34 ./Middlewares/ST/STM32_USB_Device_Library/Core/Src/usbd_core.o
                0x08008b4e                USBD_RegisterClass
 .text.USBD_Start
                0x08008b82       0x18 ./Middlewares/ST/STM32_USB_Device_Library/Core/Src/usbd_core.o
                0x08008b82                USBD_Start
 .text.USBD_RunTestMode
                0x08008b9a       0x16 ./Middlewares/ST/STM32_USB_Device_Library/Core/Src/usbd_core.o
                0x08008b9a                USBD_RunTestMode
 .text.USBD_SetClassConfig
                0x08008bb0       0x3e ./Middlewares/ST/STM32_USB_Device_Library/Core/Src/usbd_core.o
                0x08008bb0                USBD_SetClassConfig
 .text.USBD_ClrClassConfig
                0x08008bee       0x26 ./Middlewares/ST/STM32_USB_Device_Library/Core/Src/usbd_core.o
                0x08008bee                USBD_ClrClassConfig
 .text.USBD_LL_SetupStage
                0x08008c14       0x9a ./Middlewares/ST/STM32_USB_Device_Library/Core/Src/usbd_core.o
                0x08008c14                USBD_LL_SetupStage
 .text.USBD_LL_DataOutStage
                0x08008cae       0xe2 ./Middlewares/ST/STM32_USB_Device_Library/Core/Src/usbd_core.o
                0x08008cae                USBD_LL_DataOutStage
 .text.USBD_LL_DataInStage
                0x08008d90      0x14a ./Middlewares/ST/STM32_USB_Device_Library/Core/Src/usbd_core.o
                0x08008d90                USBD_LL_DataInStage
 .text.USBD_LL_Reset
                0x08008eda       0x82 ./Middlewares/ST/STM32_USB_Device_Library/Core/Src/usbd_core.o
                0x08008eda                USBD_LL_Reset
 .text.USBD_LL_SetSpeed
                0x08008f5c       0x20 ./Middlewares/ST/STM32_USB_Device_Library/Core/Src/usbd_core.o
                0x08008f5c                USBD_LL_SetSpeed
 .text.USBD_LL_Suspend
                0x08008f7c       0x2a ./Middlewares/ST/STM32_USB_Device_Library/Core/Src/usbd_core.o
                0x08008f7c                USBD_LL_Suspend
 .text.USBD_LL_Resume
                0x08008fa6       0x2c ./Middlewares/ST/STM32_USB_Device_Library/Core/Src/usbd_core.o
                0x08008fa6                USBD_LL_Resume
 .text.USBD_LL_SOF
                0x08008fd2       0x34 ./Middlewares/ST/STM32_USB_Device_Library/Core/Src/usbd_core.o
                0x08008fd2                USBD_LL_SOF
 *fill*         0x08009006        0x2 
 .text.USBD_StdDevReq
                0x08009008       0xd4 ./Middlewares/ST/STM32_USB_Device_Library/Core/Src/usbd_ctlreq.o
                0x08009008                USBD_StdDevReq
 .text.USBD_StdItfReq
                0x080090dc       0x90 ./Middlewares/ST/STM32_USB_Device_Library/Core/Src/usbd_ctlreq.o
                0x080090dc                USBD_StdItfReq
 .text.USBD_StdEPReq
                0x0800916c      0x2c6 ./Middlewares/ST/STM32_USB_Device_Library/Core/Src/usbd_ctlreq.o
                0x0800916c                USBD_StdEPReq
 *fill*         0x08009432        0x2 
 .text.USBD_GetDescriptor
                0x08009434      0x2d0 ./Middlewares/ST/STM32_USB_Device_Library/Core/Src/usbd_ctlreq.o
 .text.USBD_SetAddress
                0x08009704       0x86 ./Middlewares/ST/STM32_USB_Device_Library/Core/Src/usbd_ctlreq.o
 *fill*         0x0800978a        0x2 
 .text.USBD_SetConfig
                0x0800978c      0x11c ./Middlewares/ST/STM32_USB_Device_Library/Core/Src/usbd_ctlreq.o
 .text.USBD_GetConfig
                0x080098a8       0x6a ./Middlewares/ST/STM32_USB_Device_Library/Core/Src/usbd_ctlreq.o
 .text.USBD_GetStatus
                0x08009912       0x66 ./Middlewares/ST/STM32_USB_Device_Library/Core/Src/usbd_ctlreq.o
 .text.USBD_SetFeature
                0x08009978       0x28 ./Middlewares/ST/STM32_USB_Device_Library/Core/Src/usbd_ctlreq.o
 .text.USBD_ClrFeature
                0x080099a0       0x42 ./Middlewares/ST/STM32_USB_Device_Library/Core/Src/usbd_ctlreq.o
 .text.USBD_ParseSetupRequest
                0x080099e2       0x74 ./Middlewares/ST/STM32_USB_Device_Library/Core/Src/usbd_ctlreq.o
                0x080099e2                USBD_ParseSetupRequest
 .text.USBD_CtlError
                0x08009a56       0x22 ./Middlewares/ST/STM32_USB_Device_Library/Core/Src/usbd_ctlreq.o
                0x08009a56                USBD_CtlError
 .text.USBD_GetString
                0x08009a78       0x84 ./Middlewares/ST/STM32_USB_Device_Library/Core/Src/usbd_ctlreq.o
                0x08009a78                USBD_GetString
 .text.USBD_GetLen
                0x08009afc       0x30 ./Middlewares/ST/STM32_USB_Device_Library/Core/Src/usbd_ctlreq.o
 .text.USBD_CtlSendData
                0x08009b2c       0x38 ./Middlewares/ST/STM32_USB_Device_Library/Core/Src/usbd_ioreq.o
                0x08009b2c                USBD_CtlSendData
 .text.USBD_CtlContinueSendData
                0x08009b64       0x24 ./Middlewares/ST/STM32_USB_Device_Library/Core/Src/usbd_ioreq.o
                0x08009b64                USBD_CtlContinueSendData
 .text.USBD_CtlPrepareRx
                0x08009b88       0x3c ./Middlewares/ST/STM32_USB_Device_Library/Core/Src/usbd_ioreq.o
                0x08009b88                USBD_CtlPrepareRx
 .text.USBD_CtlContinueRx
                0x08009bc4       0x24 ./Middlewares/ST/STM32_USB_Device_Library/Core/Src/usbd_ioreq.o
                0x08009bc4                USBD_CtlContinueRx
 .text.USBD_CtlSendStatus
                0x08009be8       0x26 ./Middlewares/ST/STM32_USB_Device_Library/Core/Src/usbd_ioreq.o
                0x08009be8                USBD_CtlSendStatus
 .text.USBD_CtlReceiveStatus
                0x08009c0e       0x26 ./Middlewares/ST/STM32_USB_Device_Library/Core/Src/usbd_ioreq.o
                0x08009c0e                USBD_CtlReceiveStatus
 .text.MX_USB_DEVICE_Init
                0x08009c34       0x60 ./USB_DEVICE/App/usb_device.o
                0x08009c34                MX_USB_DEVICE_Init
 .text.CDC_Init_FS
                0x08009c94       0x28 ./USB_DEVICE/App/usbd_cdc_if.o
 .text.CDC_DeInit_FS
                0x08009cbc       0x10 ./USB_DEVICE/App/usbd_cdc_if.o
 .text.CDC_Control_FS
                0x08009ccc       0xbc ./USB_DEVICE/App/usbd_cdc_if.o
 .text.CDC_Receive_FS
                0x08009d88       0x28 ./USB_DEVICE/App/usbd_cdc_if.o
 .text.CDC_Transmit_FS
                0x08009db0       0x4c ./USB_DEVICE/App/usbd_cdc_if.o
                0x08009db0                CDC_Transmit_FS
 .text.USBD_FS_DeviceDescriptor
                0x08009dfc       0x24 ./USB_DEVICE/App/usbd_desc.o
                0x08009dfc                USBD_FS_DeviceDescriptor
 .text.USBD_FS_LangIDStrDescriptor
                0x08009e20       0x24 ./USB_DEVICE/App/usbd_desc.o
                0x08009e20                USBD_FS_LangIDStrDescriptor
 .text.USBD_FS_ProductStrDescriptor
                0x08009e44       0x3c ./USB_DEVICE/App/usbd_desc.o
                0x08009e44                USBD_FS_ProductStrDescriptor
 .text.USBD_FS_ManufacturerStrDescriptor
                0x08009e80       0x28 ./USB_DEVICE/App/usbd_desc.o
                0x08009e80                USBD_FS_ManufacturerStrDescriptor
 .text.USBD_FS_SerialStrDescriptor
                0x08009ea8       0x24 ./USB_DEVICE/App/usbd_desc.o
                0x08009ea8                USBD_FS_SerialStrDescriptor
 .text.USBD_FS_ConfigStrDescriptor
                0x08009ecc       0x3c ./USB_DEVICE/App/usbd_desc.o
                0x08009ecc                USBD_FS_ConfigStrDescriptor
 .text.USBD_FS_InterfaceStrDescriptor
                0x08009f08       0x3c ./USB_DEVICE/App/usbd_desc.o
                0x08009f08                USBD_FS_InterfaceStrDescriptor
 .text.Get_SerialNum
                0x08009f44       0x58 ./USB_DEVICE/App/usbd_desc.o
 .text.IntToUnicode
                0x08009f9c       0x7e ./USB_DEVICE/App/usbd_desc.o
 *fill*         0x0800a01a        0x2 
 .text.HAL_PCD_MspInit
                0x0800a01c       0x98 ./USB_DEVICE/Target/usbd_conf.o
                0x0800a01c                HAL_PCD_MspInit
 .text.HAL_PCD_SetupStageCallback
                0x0800a0b4       0x24 ./USB_DEVICE/Target/usbd_conf.o
                0x0800a0b4                HAL_PCD_SetupStageCallback
 .text.HAL_PCD_DataOutStageCallback
                0x0800a0d8       0x36 ./USB_DEVICE/Target/usbd_conf.o
                0x0800a0d8                HAL_PCD_DataOutStageCallback
 .text.HAL_PCD_DataInStageCallback
                0x0800a10e       0x34 ./USB_DEVICE/Target/usbd_conf.o
                0x0800a10e                HAL_PCD_DataInStageCallback
 .text.HAL_PCD_SOFCallback
                0x0800a142       0x1c ./USB_DEVICE/Target/usbd_conf.o
                0x0800a142                HAL_PCD_SOFCallback
 .text.HAL_PCD_ResetCallback
                0x0800a15e       0x3c ./USB_DEVICE/Target/usbd_conf.o
                0x0800a15e                HAL_PCD_ResetCallback
 *fill*         0x0800a19a        0x2 
 .text.HAL_PCD_SuspendCallback
                0x0800a19c       0x34 ./USB_DEVICE/Target/usbd_conf.o
                0x0800a19c                HAL_PCD_SuspendCallback
 .text.HAL_PCD_ResumeCallback
                0x0800a1d0       0x1c ./USB_DEVICE/Target/usbd_conf.o
                0x0800a1d0                HAL_PCD_ResumeCallback
 .text.USBD_LL_Init
                0x0800a1ec       0xb4 ./USB_DEVICE/Target/usbd_conf.o
                0x0800a1ec                USBD_LL_Init
 .text.USBD_LL_Start
                0x0800a2a0       0x36 ./USB_DEVICE/Target/usbd_conf.o
                0x0800a2a0                USBD_LL_Start
 .text.USBD_LL_OpenEP
                0x0800a2d6       0x4c ./USB_DEVICE/Target/usbd_conf.o
                0x0800a2d6                USBD_LL_OpenEP
 .text.USBD_LL_CloseEP
                0x0800a322       0x3e ./USB_DEVICE/Target/usbd_conf.o
                0x0800a322                USBD_LL_CloseEP
 .text.USBD_LL_StallEP
                0x0800a360       0x3e ./USB_DEVICE/Target/usbd_conf.o
                0x0800a360                USBD_LL_StallEP
 .text.USBD_LL_ClearStallEP
                0x0800a39e       0x3e ./USB_DEVICE/Target/usbd_conf.o
                0x0800a39e                USBD_LL_ClearStallEP
 .text.USBD_LL_IsStallEP
                0x0800a3dc       0x58 ./USB_DEVICE/Target/usbd_conf.o
                0x0800a3dc                USBD_LL_IsStallEP
 .text.USBD_LL_SetUSBAddress
                0x0800a434       0x3e ./USB_DEVICE/Target/usbd_conf.o
                0x0800a434                USBD_LL_SetUSBAddress
 .text.USBD_LL_Transmit
                0x0800a472       0x46 ./USB_DEVICE/Target/usbd_conf.o
                0x0800a472                USBD_LL_Transmit
 .text.USBD_LL_PrepareReceive
                0x0800a4b8       0x46 ./USB_DEVICE/Target/usbd_conf.o
                0x0800a4b8                USBD_LL_PrepareReceive
 .text.USBD_LL_GetRxDataSize
                0x0800a4fe       0x26 ./USB_DEVICE/Target/usbd_conf.o
                0x0800a4fe                USBD_LL_GetRxDataSize
 .text.USBD_static_malloc
                0x0800a524       0x1c ./USB_DEVICE/Target/usbd_conf.o
                0x0800a524                USBD_static_malloc
 .text.USBD_static_free
                0x0800a540       0x14 ./USB_DEVICE/Target/usbd_conf.o
                0x0800a540                USBD_static_free
 .text.HAL_PCDEx_SetConnectionState
                0x0800a554       0x18 ./USB_DEVICE/Target/usbd_conf.o
                0x0800a554                HAL_PCDEx_SetConnectionState
 .text.USBD_Get_USB_Status
                0x0800a56c       0x58 ./USB_DEVICE/Target/usbd_conf.o
 .text.sprintf  0x0800a5c4       0x40 C:/st/STM32CubeIDE_1.16.0/STM32CubeIDE/plugins/com.st.stm32cube.ide.mcu.externaltools.gnu-tools-for-stm32.12.3.rel1.win32_1.0.200.202406191623/tools/bin/../lib/gcc/arm-none-eabi/12.3.1/../../../../arm-none-eabi/lib/thumb/v7e-m+fp/hard\libc_nano.a(libc_a-sprintf.o)
                0x0800a5c4                siprintf
                0x0800a5c4                sprintf
 .text.memset   0x0800a604       0x10 C:/st/STM32CubeIDE_1.16.0/STM32CubeIDE/plugins/com.st.stm32cube.ide.mcu.externaltools.gnu-tools-for-stm32.12.3.rel1.win32_1.0.200.202406191623/tools/bin/../lib/gcc/arm-none-eabi/12.3.1/../../../../arm-none-eabi/lib/thumb/v7e-m+fp/hard\libc_nano.a(libc_a-memset.o)
                0x0800a604                memset
 .text.__errno  0x0800a614        0xc C:/st/STM32CubeIDE_1.16.0/STM32CubeIDE/plugins/com.st.stm32cube.ide.mcu.externaltools.gnu-tools-for-stm32.12.3.rel1.win32_1.0.200.202406191623/tools/bin/../lib/gcc/arm-none-eabi/12.3.1/../../../../arm-none-eabi/lib/thumb/v7e-m+fp/hard\libc_nano.a(libc_a-errno.o)
                0x0800a614                __errno
 .text.__libc_init_array
                0x0800a620       0x48 C:/st/STM32CubeIDE_1.16.0/STM32CubeIDE/plugins/com.st.stm32cube.ide.mcu.externaltools.gnu-tools-for-stm32.12.3.rel1.win32_1.0.200.202406191623/tools/bin/../lib/gcc/arm-none-eabi/12.3.1/../../../../arm-none-eabi/lib/thumb/v7e-m+fp/hard\libc_nano.a(libc_a-init.o)
                0x0800a620                __libc_init_array
 .text.__retarget_lock_acquire_recursive
                0x0800a668        0x2 C:/st/STM32CubeIDE_1.16.0/STM32CubeIDE/plugins/com.st.stm32cube.ide.mcu.externaltools.gnu-tools-for-stm32.12.3.rel1.win32_1.0.200.202406191623/tools/bin/../lib/gcc/arm-none-eabi/12.3.1/../../../../arm-none-eabi/lib/thumb/v7e-m+fp/hard\libc_nano.a(libc_a-lock.o)
                0x0800a668                __retarget_lock_acquire_recursive
 .text.__retarget_lock_release_recursive
                0x0800a66a        0x2 C:/st/STM32CubeIDE_1.16.0/STM32CubeIDE/plugins/com.st.stm32cube.ide.mcu.externaltools.gnu-tools-for-stm32.12.3.rel1.win32_1.0.200.202406191623/tools/bin/../lib/gcc/arm-none-eabi/12.3.1/../../../../arm-none-eabi/lib/thumb/v7e-m+fp/hard\libc_nano.a(libc_a-lock.o)
                0x0800a66a                __retarget_lock_release_recursive
 .text._free_r  0x0800a66c       0x94 C:/st/STM32CubeIDE_1.16.0/STM32CubeIDE/plugins/com.st.stm32cube.ide.mcu.externaltools.gnu-tools-for-stm32.12.3.rel1.win32_1.0.200.202406191623/tools/bin/../lib/gcc/arm-none-eabi/12.3.1/../../../../arm-none-eabi/lib/thumb/v7e-m+fp/hard\libc_nano.a(libc_a-freer.o)
                0x0800a66c                _free_r
 .text.sbrk_aligned
                0x0800a700       0x44 C:/st/STM32CubeIDE_1.16.0/STM32CubeIDE/plugins/com.st.stm32cube.ide.mcu.externaltools.gnu-tools-for-stm32.12.3.rel1.win32_1.0.200.202406191623/tools/bin/../lib/gcc/arm-none-eabi/12.3.1/../../../../arm-none-eabi/lib/thumb/v7e-m+fp/hard\libc_nano.a(libc_a-mallocr.o)
 .text._malloc_r
                0x0800a744      0x100 C:/st/STM32CubeIDE_1.16.0/STM32CubeIDE/plugins/com.st.stm32cube.ide.mcu.externaltools.gnu-tools-for-stm32.12.3.rel1.win32_1.0.200.202406191623/tools/bin/../lib/gcc/arm-none-eabi/12.3.1/../../../../arm-none-eabi/lib/thumb/v7e-m+fp/hard\libc_nano.a(libc_a-mallocr.o)
                0x0800a744                _malloc_r
 .text.__malloc_lock
                0x0800a844        0xc C:/st/STM32CubeIDE_1.16.0/STM32CubeIDE/plugins/com.st.stm32cube.ide.mcu.externaltools.gnu-tools-for-stm32.12.3.rel1.win32_1.0.200.202406191623/tools/bin/../lib/gcc/arm-none-eabi/12.3.1/../../../../arm-none-eabi/lib/thumb/v7e-m+fp/hard\libc_nano.a(libc_a-mlock.o)
                0x0800a844                __malloc_lock
 .text.__malloc_unlock
                0x0800a850        0xc C:/st/STM32CubeIDE_1.16.0/STM32CubeIDE/plugins/com.st.stm32cube.ide.mcu.externaltools.gnu-tools-for-stm32.12.3.rel1.win32_1.0.200.202406191623/tools/bin/../lib/gcc/arm-none-eabi/12.3.1/../../../../arm-none-eabi/lib/thumb/v7e-m+fp/hard\libc_nano.a(libc_a-mlock.o)
                0x0800a850                __malloc_unlock
 .text.__ssputs_r
                0x0800a85c       0xb6 C:/st/STM32CubeIDE_1.16.0/STM32CubeIDE/plugins/com.st.stm32cube.ide.mcu.externaltools.gnu-tools-for-stm32.12.3.rel1.win32_1.0.200.202406191623/tools/bin/../lib/gcc/arm-none-eabi/12.3.1/../../../../arm-none-eabi/lib/thumb/v7e-m+fp/hard\libc_nano.a(libc_a-nano-svfprintf.o)
                0x0800a85c                __ssputs_r
 *fill*         0x0800a912        0x2 
 .text._svfprintf_r
                0x0800a914      0x1f8 C:/st/STM32CubeIDE_1.16.0/STM32CubeIDE/plugins/com.st.stm32cube.ide.mcu.externaltools.gnu-tools-for-stm32.12.3.rel1.win32_1.0.200.202406191623/tools/bin/../lib/gcc/arm-none-eabi/12.3.1/../../../../arm-none-eabi/lib/thumb/v7e-m+fp/hard\libc_nano.a(libc_a-nano-svfprintf.o)
                0x0800a914                _svfiprintf_r
                0x0800a914                _svfprintf_r
 .text._printf_common
                0x0800ab0c       0xda C:/st/STM32CubeIDE_1.16.0/STM32CubeIDE/plugins/com.st.stm32cube.ide.mcu.externaltools.gnu-tools-for-stm32.12.3.rel1.win32_1.0.200.202406191623/tools/bin/../lib/gcc/arm-none-eabi/12.3.1/../../../../arm-none-eabi/lib/thumb/v7e-m+fp/hard\libc_nano.a(libc_a-nano-vfprintf_i.o)
                0x0800ab0c                _printf_common
 *fill*         0x0800abe6        0x2 
 .text._printf_i
                0x0800abe8      0x240 C:/st/STM32CubeIDE_1.16.0/STM32CubeIDE/plugins/com.st.stm32cube.ide.mcu.externaltools.gnu-tools-for-stm32.12.3.rel1.win32_1.0.200.202406191623/tools/bin/../lib/gcc/arm-none-eabi/12.3.1/../../../../arm-none-eabi/lib/thumb/v7e-m+fp/hard\libc_nano.a(libc_a-nano-vfprintf_i.o)
                0x0800abe8                _printf_i
 .text.memmove  0x0800ae28       0x34 C:/st/STM32CubeIDE_1.16.0/STM32CubeIDE/plugins/com.st.stm32cube.ide.mcu.externaltools.gnu-tools-for-stm32.12.3.rel1.win32_1.0.200.202406191623/tools/bin/../lib/gcc/arm-none-eabi/12.3.1/../../../../arm-none-eabi/lib/thumb/v7e-m+fp/hard\libc_nano.a(libc_a-memmove.o)
                0x0800ae28                memmove
 .text._sbrk_r  0x0800ae5c       0x20 C:/st/STM32CubeIDE_1.16.0/STM32CubeIDE/plugins/com.st.stm32cube.ide.mcu.externaltools.gnu-tools-for-stm32.12.3.rel1.win32_1.0.200.202406191623/tools/bin/../lib/gcc/arm-none-eabi/12.3.1/../../../../arm-none-eabi/lib/thumb/v7e-m+fp/hard\libc_nano.a(libc_a-sbrkr.o)
                0x0800ae5c                _sbrk_r
 .text.memcpy   0x0800ae7c       0x1c C:/st/STM32CubeIDE_1.16.0/STM32CubeIDE/plugins/com.st.stm32cube.ide.mcu.externaltools.gnu-tools-for-stm32.12.3.rel1.win32_1.0.200.202406191623/tools/bin/../lib/gcc/arm-none-eabi/12.3.1/../../../../arm-none-eabi/lib/thumb/v7e-m+fp/hard\libc_nano.a(libc_a-memcpy-stub.o)
                0x0800ae7c                memcpy
 .text._realloc_r
                0x0800ae98       0x5c C:/st/STM32CubeIDE_1.16.0/STM32CubeIDE/plugins/com.st.stm32cube.ide.mcu.externaltools.gnu-tools-for-stm32.12.3.rel1.win32_1.0.200.202406191623/tools/bin/../lib/gcc/arm-none-eabi/12.3.1/../../../../arm-none-eabi/lib/thumb/v7e-m+fp/hard\libc_nano.a(libc_a-reallocr.o)
                0x0800ae98                _realloc_r
 .text._malloc_usable_size_r
                0x0800aef4       0x10 C:/st/STM32CubeIDE_1.16.0/STM32CubeIDE/plugins/com.st.stm32cube.ide.mcu.externaltools.gnu-tools-for-stm32.12.3.rel1.win32_1.0.200.202406191623/tools/bin/../lib/gcc/arm-none-eabi/12.3.1/../../../../arm-none-eabi/lib/thumb/v7e-m+fp/hard\libc_nano.a(libc_a-msizer.o)
                0x0800aef4                _malloc_usable_size_r
 *(.glue_7)
 .glue_7        0x0800af04        0x0 linker stubs
 *(.glue_7t)
 .glue_7t       0x0800af04        0x0 linker stubs
 *(.eh_frame)
 .eh_frame      0x0800af04        0x0 C:/st/STM32CubeIDE_1.16.0/STM32CubeIDE/plugins/com.st.stm32cube.ide.mcu.externaltools.gnu-tools-for-stm32.12.3.rel1.win32_1.0.200.202406191623/tools/bin/../lib/gcc/arm-none-eabi/12.3.1/thumb/v7e-m+fp/hard/crtbegin.o
 *(.init)
 .init          0x0800af04        0x4 C:/st/STM32CubeIDE_1.16.0/STM32CubeIDE/plugins/com.st.stm32cube.ide.mcu.externaltools.gnu-tools-for-stm32.12.3.rel1.win32_1.0.200.202406191623/tools/bin/../lib/gcc/arm-none-eabi/12.3.1/thumb/v7e-m+fp/hard/crti.o
                0x0800af04                _init
 .init          0x0800af08        0x8 C:/st/STM32CubeIDE_1.16.0/STM32CubeIDE/plugins/com.st.stm32cube.ide.mcu.externaltools.gnu-tools-for-stm32.12.3.rel1.win32_1.0.200.202406191623/tools/bin/../lib/gcc/arm-none-eabi/12.3.1/thumb/v7e-m+fp/hard/crtn.o
 *(.fini)
 .fini          0x0800af10        0x4 C:/st/STM32CubeIDE_1.16.0/STM32CubeIDE/plugins/com.st.stm32cube.ide.mcu.externaltools.gnu-tools-for-stm32.12.3.rel1.win32_1.0.200.202406191623/tools/bin/../lib/gcc/arm-none-eabi/12.3.1/thumb/v7e-m+fp/hard/crti.o
                0x0800af10                _fini
 .fini          0x0800af14        0x8 C:/st/STM32CubeIDE_1.16.0/STM32CubeIDE/plugins/com.st.stm32cube.ide.mcu.externaltools.gnu-tools-for-stm32.12.3.rel1.win32_1.0.200.202406191623/tools/bin/../lib/gcc/arm-none-eabi/12.3.1/thumb/v7e-m+fp/hard/crtn.o
                0x0800af1c                        . = ALIGN (0x4)
                0x0800af1c                        _etext = .

.vfp11_veneer   0x0800af1c        0x0
 .vfp11_veneer  0x0800af1c        0x0 linker stubs

.v4_bx          0x0800af1c        0x0
 .v4_bx         0x0800af1c        0x0 linker stubs

.iplt           0x0800af1c        0x0
 .iplt          0x0800af1c        0x0 C:/st/STM32CubeIDE_1.16.0/STM32CubeIDE/plugins/com.st.stm32cube.ide.mcu.externaltools.gnu-tools-for-stm32.12.3.rel1.win32_1.0.200.202406191623/tools/bin/../lib/gcc/arm-none-eabi/12.3.1/thumb/v7e-m+fp/hard/crtbegin.o

.rodata         0x0800af1c       0xd4
                0x0800af1c                        . = ALIGN (0x4)
 *(.rodata)
 .rodata        0x0800af1c       0x1f ./Core/Src/main.o
 *fill*         0x0800af3b        0x1 
 .rodata        0x0800af3c       0x46 ./USB_DEVICE/App/usbd_desc.o
 *(.rodata*)
 *fill*         0x0800af82        0x2 
 .rodata.AHBPrescTable
                0x0800af84       0x10 ./Core/Src/system_stm32f3xx.o
                0x0800af84                AHBPrescTable
 .rodata.APBPrescTable
                0x0800af94        0x8 ./Core/Src/system_stm32f3xx.o
                0x0800af94                APBPrescTable
 .rodata.aPLLMULFactorTable
                0x0800af9c       0x10 ./Drivers/STM32F3xx_HAL_Driver/Src/stm32f3xx_hal_rcc.o
 .rodata.aPredivFactorTable
                0x0800afac       0x10 ./Drivers/STM32F3xx_HAL_Driver/Src/stm32f3xx_hal_rcc.o
 .rodata._svfprintf_r.str1.1
                0x0800afbc       0x11 C:/st/STM32CubeIDE_1.16.0/STM32CubeIDE/plugins/com.st.stm32cube.ide.mcu.externaltools.gnu-tools-for-stm32.12.3.rel1.win32_1.0.200.202406191623/tools/bin/../lib/gcc/arm-none-eabi/12.3.1/../../../../arm-none-eabi/lib/thumb/v7e-m+fp/hard\libc_nano.a(libc_a-nano-svfprintf.o)
 .rodata._printf_i.str1.1
                0x0800afcd       0x22 C:/st/STM32CubeIDE_1.16.0/STM32CubeIDE/plugins/com.st.stm32cube.ide.mcu.externaltools.gnu-tools-for-stm32.12.3.rel1.win32_1.0.200.202406191623/tools/bin/../lib/gcc/arm-none-eabi/12.3.1/../../../../arm-none-eabi/lib/thumb/v7e-m+fp/hard\libc_nano.a(libc_a-nano-vfprintf_i.o)
                0x0800aff0                        . = ALIGN (0x4)
 *fill*         0x0800afef        0x1 

.ARM.extab      0x0800aff0        0x0
                0x0800aff0                        . = ALIGN (0x4)
 *(.ARM.extab* .gnu.linkonce.armextab.*)
                0x0800aff0                        . = ALIGN (0x4)

.ARM            0x0800aff0        0x8
                0x0800aff0                        . = ALIGN (0x4)
                0x0800aff0                        __exidx_start = .
 *(.ARM.exidx*)
 .ARM.exidx     0x0800aff0        0x8 C:/st/STM32CubeIDE_1.16.0/STM32CubeIDE/plugins/com.st.stm32cube.ide.mcu.externaltools.gnu-tools-for-stm32.12.3.rel1.win32_1.0.200.202406191623/tools/bin/../lib/gcc/arm-none-eabi/12.3.1/../../../../arm-none-eabi/lib/thumb/v7e-m+fp/hard\libc_nano.a(libc_a-strlen.o)
 .ARM.exidx     0x0800aff8        0x0 C:/st/STM32CubeIDE_1.16.0/STM32CubeIDE/plugins/com.st.stm32cube.ide.mcu.externaltools.gnu-tools-for-stm32.12.3.rel1.win32_1.0.200.202406191623/tools/bin/../lib/gcc/arm-none-eabi/12.3.1/../../../../arm-none-eabi/lib/thumb/v7e-m+fp/hard\libc_nano.a(libc_a-memchr.o)
                                  0x8 (size before relaxing)
                0x0800aff8                        __exidx_end = .
                0x0800aff8                        . = ALIGN (0x4)

.preinit_array  0x0800aff8        0x0
                0x0800aff8                        . = ALIGN (0x4)
                0x0800aff8                        PROVIDE (__preinit_array_start = .)
 *(.preinit_array*)
                0x0800aff8                        PROVIDE (__preinit_array_end = .)
                0x0800aff8                        . = ALIGN (0x4)

.init_array     0x0800aff8        0x4
                0x0800aff8                        . = ALIGN (0x4)
                0x0800aff8                        PROVIDE (__init_array_start = .)
 *(SORT_BY_NAME(.init_array.*))
 *(.init_array*)
 .init_array    0x0800aff8        0x4 C:/st/STM32CubeIDE_1.16.0/STM32CubeIDE/plugins/com.st.stm32cube.ide.mcu.externaltools.gnu-tools-for-stm32.12.3.rel1.win32_1.0.200.202406191623/tools/bin/../lib/gcc/arm-none-eabi/12.3.1/thumb/v7e-m+fp/hard/crtbegin.o
                0x0800affc                        PROVIDE (__init_array_end = .)
                0x0800affc                        . = ALIGN (0x4)

.fini_array     0x0800affc        0x4
                0x0800affc                        . = ALIGN (0x4)
                [!provide]                        PROVIDE (__fini_array_start = .)
 *(SORT_BY_NAME(.fini_array.*))
 *(.fini_array*)
 .fini_array    0x0800affc        0x4 C:/st/STM32CubeIDE_1.16.0/STM32CubeIDE/plugins/com.st.stm32cube.ide.mcu.externaltools.gnu-tools-for-stm32.12.3.rel1.win32_1.0.200.202406191623/tools/bin/../lib/gcc/arm-none-eabi/12.3.1/thumb/v7e-m+fp/hard/crtbegin.o
                [!provide]                        PROVIDE (__fini_array_end = .)
                0x0800b000                        . = ALIGN (0x4)
                0x0800b000                        _sidata = LOADADDR (.data)

.rel.dyn        0x0800b000        0x0
 .rel.iplt      0x0800b000        0x0 C:/st/STM32CubeIDE_1.16.0/STM32CubeIDE/plugins/com.st.stm32cube.ide.mcu.externaltools.gnu-tools-for-stm32.12.3.rel1.win32_1.0.200.202406191623/tools/bin/../lib/gcc/arm-none-eabi/12.3.1/thumb/v7e-m+fp/hard/crtbegin.o

.data           0x20000000      0x1cc load address 0x0800b000
                0x20000000                        . = ALIGN (0x4)
                0x20000000                        _sdata = .
 *(.data)
 *(.data*)
 .data.SystemCoreClock
                0x20000000        0x4 ./Core/Src/system_stm32f3xx.o
                0x20000000                SystemCoreClock
 .data.uwTickPrio
                0x20000004        0x4 ./Drivers/STM32F3xx_HAL_Driver/Src/stm32f3xx_hal.o
                0x20000004                uwTickPrio
 .data.uwTickFreq
                0x20000008        0x1 ./Drivers/STM32F3xx_HAL_Driver/Src/stm32f3xx_hal.o
                0x20000008                uwTickFreq
 *fill*         0x20000009        0x3 
 .data.USBD_CDC_DeviceQualifierDesc
                0x2000000c        0xa ./Middlewares/ST/STM32_USB_Device_Library/Class/CDC/Src/usbd_cdc.o
 *fill*         0x20000016        0x2 
 .data.USBD_CDC
                0x20000018       0x38 ./Middlewares/ST/STM32_USB_Device_Library/Class/CDC/Src/usbd_cdc.o
                0x20000018                USBD_CDC
 .data.USBD_CDC_CfgHSDesc
                0x20000050       0x43 ./Middlewares/ST/STM32_USB_Device_Library/Class/CDC/Src/usbd_cdc.o
                0x20000050                USBD_CDC_CfgHSDesc
 *fill*         0x20000093        0x1 
 .data.USBD_CDC_CfgFSDesc
                0x20000094       0x43 ./Middlewares/ST/STM32_USB_Device_Library/Class/CDC/Src/usbd_cdc.o
                0x20000094                USBD_CDC_CfgFSDesc
 *fill*         0x200000d7        0x1 
 .data.USBD_CDC_OtherSpeedCfgDesc
                0x200000d8       0x43 ./Middlewares/ST/STM32_USB_Device_Library/Class/CDC/Src/usbd_cdc.o
                0x200000d8                USBD_CDC_OtherSpeedCfgDesc
 *fill*         0x2000011b        0x1 
 .data.USBD_Interface_fops_FS
                0x2000011c       0x10 ./USB_DEVICE/App/usbd_cdc_if.o
                0x2000011c                USBD_Interface_fops_FS
 .data.FS_Desc  0x2000012c       0x1c ./USB_DEVICE/App/usbd_desc.o
                0x2000012c                FS_Desc
 .data.USBD_FS_DeviceDesc
                0x20000148       0x12 ./USB_DEVICE/App/usbd_desc.o
                0x20000148                USBD_FS_DeviceDesc
 *fill*         0x2000015a        0x2 
 .data.USBD_LangIDDesc
                0x2000015c        0x4 ./USB_DEVICE/App/usbd_desc.o
                0x2000015c                USBD_LangIDDesc
 .data.USBD_StringSerial
                0x20000160       0x1a ./USB_DEVICE/App/usbd_desc.o
                0x20000160                USBD_StringSerial
 *fill*         0x2000017a        0x2 
 .data._impure_ptr
                0x2000017c        0x4 C:/st/STM32CubeIDE_1.16.0/STM32CubeIDE/plugins/com.st.stm32cube.ide.mcu.externaltools.gnu-tools-for-stm32.12.3.rel1.win32_1.0.200.202406191623/tools/bin/../lib/gcc/arm-none-eabi/12.3.1/../../../../arm-none-eabi/lib/thumb/v7e-m+fp/hard\libc_nano.a(libc_a-impure.o)
                0x2000017c                _impure_ptr
 .data._impure_data
                0x20000180       0x4c C:/st/STM32CubeIDE_1.16.0/STM32CubeIDE/plugins/com.st.stm32cube.ide.mcu.externaltools.gnu-tools-for-stm32.12.3.rel1.win32_1.0.200.202406191623/tools/bin/../lib/gcc/arm-none-eabi/12.3.1/../../../../arm-none-eabi/lib/thumb/v7e-m+fp/hard\libc_nano.a(libc_a-impure.o)
                0x20000180                _impure_data
 *(.RamFunc)
 *(.RamFunc*)
                0x200001cc                        . = ALIGN (0x4)
                0x200001cc                        _edata = .
                0x0800b1cc                        _siccmram = LOADADDR (.ccmram)

.igot.plt       0x200001cc        0x0 load address 0x0800b1cc
 .igot.plt      0x200001cc        0x0 C:/st/STM32CubeIDE_1.16.0/STM32CubeIDE/plugins/com.st.stm32cube.ide.mcu.externaltools.gnu-tools-for-stm32.12.3.rel1.win32_1.0.200.202406191623/tools/bin/../lib/gcc/arm-none-eabi/12.3.1/thumb/v7e-m+fp/hard/crtbegin.o

.ccmram         0x10000000        0x0 load address 0x0800b1cc
                0x10000000                        . = ALIGN (0x4)
                0x10000000                        _sccmram = .
 *(.ccmram)
 *(.ccmram*)
                0x10000000                        . = ALIGN (0x4)
                0x10000000                        _eccmram = .
                0x10000000                        . = ALIGN (0x4)

.bss            0x200001cc     0x146c
                0x200001cc                        _sbss = .
                0x200001cc                        __bss_start__ = _sbss
 *(.bss)
 .bss           0x200001cc       0x1c C:/st/STM32CubeIDE_1.16.0/STM32CubeIDE/plugins/com.st.stm32cube.ide.mcu.externaltools.gnu-tools-for-stm32.12.3.rel1.win32_1.0.200.202406191623/tools/bin/../lib/gcc/arm-none-eabi/12.3.1/thumb/v7e-m+fp/hard/crtbegin.o
 *(.bss*)
 .bss.avg_cnt   0x200001e8        0x1 ./Core/Src/lms303dlhc.o
                0x200001e8                avg_cnt
 *fill*         0x200001e9        0x3 
 .bss.hi2c1     0x200001ec       0x54 ./Core/Src/main.o
                0x200001ec                hi2c1
 .bss.hspi1     0x20000240       0x64 ./Core/Src/main.o
                0x20000240                hspi1
 .bss.huart2    0x200002a4       0x88 ./Core/Src/main.o
                0x200002a4                huart2
 .bss.__sbrk_heap_end
                0x2000032c        0x4 ./Core/Src/sysmem.o
 .bss.uwTick    0x20000330        0x4 ./Drivers/STM32F3xx_HAL_Driver/Src/stm32f3xx_hal.o
                0x20000330                uwTick
 .bss.cfgidx.0  0x20000334        0x1 ./Middlewares/ST/STM32_USB_Device_Library/Core/Src/usbd_ctlreq.o
 *fill*         0x20000335        0x3 
 .bss.hUsbDeviceFS
                0x20000338      0x2c4 ./USB_DEVICE/App/usb_device.o
                0x20000338                hUsbDeviceFS
 .bss.UserRxBufferFS
                0x200005fc      0x400 ./USB_DEVICE/App/usbd_cdc_if.o
                0x200005fc                UserRxBufferFS
 .bss.UserTxBufferFS
                0x200009fc      0x400 ./USB_DEVICE/App/usbd_cdc_if.o
                0x200009fc                UserTxBufferFS
 .bss.USBD_StrDesc
                0x20000dfc      0x200 ./USB_DEVICE/App/usbd_desc.o
                0x20000dfc                USBD_StrDesc
 .bss.hpcd_USB_FS
                0x20000ffc      0x2d4 ./USB_DEVICE/Target/usbd_conf.o
                0x20000ffc                hpcd_USB_FS
 .bss.mem.0     0x200012d0      0x220 ./USB_DEVICE/Target/usbd_conf.o
 .bss.__sf      0x200014f0      0x138 C:/st/STM32CubeIDE_1.16.0/STM32CubeIDE/plugins/com.st.stm32cube.ide.mcu.externaltools.gnu-tools-for-stm32.12.3.rel1.win32_1.0.200.202406191623/tools/bin/../lib/gcc/arm-none-eabi/12.3.1/../../../../arm-none-eabi/lib/thumb/v7e-m+fp/hard\libc_nano.a(libc_a-findfp.o)
                0x200014f0                __sf
 .bss.errno     0x20001628        0x4 C:/st/STM32CubeIDE_1.16.0/STM32CubeIDE/plugins/com.st.stm32cube.ide.mcu.externaltools.gnu-tools-for-stm32.12.3.rel1.win32_1.0.200.202406191623/tools/bin/../lib/gcc/arm-none-eabi/12.3.1/../../../../arm-none-eabi/lib/thumb/v7e-m+fp/hard\libc_nano.a(libc_a-reent.o)
                0x20001628                errno
 .bss.__lock___malloc_recursive_mutex
                0x2000162c        0x1 C:/st/STM32CubeIDE_1.16.0/STM32CubeIDE/plugins/com.st.stm32cube.ide.mcu.externaltools.gnu-tools-for-stm32.12.3.rel1.win32_1.0.200.202406191623/tools/bin/../lib/gcc/arm-none-eabi/12.3.1/../../../../arm-none-eabi/lib/thumb/v7e-m+fp/hard\libc_nano.a(libc_a-lock.o)
                0x2000162c                __lock___malloc_recursive_mutex
 *fill*         0x2000162d        0x3 
 .bss.__malloc_sbrk_start
                0x20001630        0x4 C:/st/STM32CubeIDE_1.16.0/STM32CubeIDE/plugins/com.st.stm32cube.ide.mcu.externaltools.gnu-tools-for-stm32.12.3.rel1.win32_1.0.200.202406191623/tools/bin/../lib/gcc/arm-none-eabi/12.3.1/../../../../arm-none-eabi/lib/thumb/v7e-m+fp/hard\libc_nano.a(libc_a-mallocr.o)
                0x20001630                __malloc_sbrk_start
 .bss.__malloc_free_list
                0x20001634        0x4 C:/st/STM32CubeIDE_1.16.0/STM32CubeIDE/plugins/com.st.stm32cube.ide.mcu.externaltools.gnu-tools-for-stm32.12.3.rel1.win32_1.0.200.202406191623/tools/bin/../lib/gcc/arm-none-eabi/12.3.1/../../../../arm-none-eabi/lib/thumb/v7e-m+fp/hard\libc_nano.a(libc_a-mallocr.o)
                0x20001634                __malloc_free_list
 *(COMMON)
                0x20001638                        . = ALIGN (0x4)
                0x20001638                        _ebss = .
                0x20001638                        __bss_end__ = _ebss

._user_heap_stack
                0x20001638      0x600
                0x20001638                        . = ALIGN (0x8)
                [!provide]                        PROVIDE (end = .)
                0x20001638                        PROVIDE (_end = .)
                0x20001838                        . = (. + _Min_Heap_Size)
 *fill*         0x20001638      0x200 
                0x20001c38                        . = (. + _Min_Stack_Size)
 *fill*         0x20001838      0x400 
                0x20001c38                        . = ALIGN (0x8)

/DISCARD/
 libc.a(*)
 libm.a(*)
 libgcc.a(*)

.ARM.attributes
                0x00000000       0x30
 *(.ARM.attributes)
 .ARM.attributes
                0x00000000       0x22 C:/st/STM32CubeIDE_1.16.0/STM32CubeIDE/plugins/com.st.stm32cube.ide.mcu.externaltools.gnu-tools-for-stm32.12.3.rel1.win32_1.0.200.202406191623/tools/bin/../lib/gcc/arm-none-eabi/12.3.1/thumb/v7e-m+fp/hard/crti.o
 .ARM.attributes
                0x00000022       0x34 C:/st/STM32CubeIDE_1.16.0/STM32CubeIDE/plugins/com.st.stm32cube.ide.mcu.externaltools.gnu-tools-for-stm32.12.3.rel1.win32_1.0.200.202406191623/tools/bin/../lib/gcc/arm-none-eabi/12.3.1/thumb/v7e-m+fp/hard/crtbegin.o
 .ARM.attributes
                0x00000056       0x34 ./Core/Src/lms303dlhc.o
 .ARM.attributes
                0x0000008a       0x34 ./Core/Src/main.o
 .ARM.attributes
                0x000000be       0x34 ./Core/Src/stm32f3xx_hal_msp.o
 .ARM.attributes
                0x000000f2       0x34 ./Core/Src/stm32f3xx_it.o
 .ARM.attributes
                0x00000126       0x34 ./Core/Src/sysmem.o
 .ARM.attributes
                0x0000015a       0x34 ./Core/Src/system_stm32f3xx.o
 .ARM.attributes
                0x0000018e       0x21 ./Core/Startup/startup_stm32f303vctx.o
 .ARM.attributes
                0x000001af       0x34 ./Drivers/STM32F3xx_HAL_Driver/Src/stm32f3xx_hal.o
 .ARM.attributes
                0x000001e3       0x34 ./Drivers/STM32F3xx_HAL_Driver/Src/stm32f3xx_hal_cortex.o
 .ARM.attributes
                0x00000217       0x34 ./Drivers/STM32F3xx_HAL_Driver/Src/stm32f3xx_hal_gpio.o
 .ARM.attributes
                0x0000024b       0x34 ./Drivers/STM32F3xx_HAL_Driver/Src/stm32f3xx_hal_i2c.o
 .ARM.attributes
                0x0000027f       0x34 ./Drivers/STM32F3xx_HAL_Driver/Src/stm32f3xx_hal_i2c_ex.o
 .ARM.attributes
                0x000002b3       0x34 ./Drivers/STM32F3xx_HAL_Driver/Src/stm32f3xx_hal_pcd.o
 .ARM.attributes
                0x000002e7       0x34 ./Drivers/STM32F3xx_HAL_Driver/Src/stm32f3xx_hal_pcd_ex.o
 .ARM.attributes
                0x0000031b       0x34 ./Drivers/STM32F3xx_HAL_Driver/Src/stm32f3xx_hal_rcc.o
 .ARM.attributes
                0x0000034f       0x34 ./Drivers/STM32F3xx_HAL_Driver/Src/stm32f3xx_hal_rcc_ex.o
 .ARM.attributes
                0x00000383       0x34 ./Drivers/STM32F3xx_HAL_Driver/Src/stm32f3xx_hal_spi.o
 .ARM.attributes
                0x000003b7       0x34 ./Drivers/STM32F3xx_HAL_Driver/Src/stm32f3xx_hal_uart.o
 .ARM.attributes
                0x000003eb       0x34 ./Drivers/STM32F3xx_HAL_Driver/Src/stm32f3xx_ll_usb.o
 .ARM.attributes
                0x0000041f       0x34 ./Middlewares/ST/STM32_USB_Device_Library/Class/CDC/Src/usbd_cdc.o
 .ARM.attributes
                0x00000453       0x34 ./Middlewares/ST/STM32_USB_Device_Library/Core/Src/usbd_core.o
 .ARM.attributes
                0x00000487       0x34 ./Middlewares/ST/STM32_USB_Device_Library/Core/Src/usbd_ctlreq.o
 .ARM.attributes
                0x000004bb       0x34 ./Middlewares/ST/STM32_USB_Device_Library/Core/Src/usbd_ioreq.o
 .ARM.attributes
                0x000004ef       0x34 ./USB_DEVICE/App/usb_device.o
 .ARM.attributes
                0x00000523       0x34 ./USB_DEVICE/App/usbd_cdc_if.o
 .ARM.attributes
                0x00000557       0x34 ./USB_DEVICE/App/usbd_desc.o
 .ARM.attributes
                0x0000058b       0x34 ./USB_DEVICE/Target/usbd_conf.o
 .ARM.attributes
                0x000005bf       0x34 C:/st/STM32CubeIDE_1.16.0/STM32CubeIDE/plugins/com.st.stm32cube.ide.mcu.externaltools.gnu-tools-for-stm32.12.3.rel1.win32_1.0.200.202406191623/tools/bin/../lib/gcc/arm-none-eabi/12.3.1/../../../../arm-none-eabi/lib/thumb/v7e-m+fp/hard\libc_nano.a(libc_a-findfp.o)
 .ARM.attributes
                0x000005f3       0x34 C:/st/STM32CubeIDE_1.16.0/STM32CubeIDE/plugins/com.st.stm32cube.ide.mcu.externaltools.gnu-tools-for-stm32.12.3.rel1.win32_1.0.200.202406191623/tools/bin/../lib/gcc/arm-none-eabi/12.3.1/../../../../arm-none-eabi/lib/thumb/v7e-m+fp/hard\libc_nano.a(libc_a-sprintf.o)
 .ARM.attributes
                0x00000627       0x34 C:/st/STM32CubeIDE_1.16.0/STM32CubeIDE/plugins/com.st.stm32cube.ide.mcu.externaltools.gnu-tools-for-stm32.12.3.rel1.win32_1.0.200.202406191623/tools/bin/../lib/gcc/arm-none-eabi/12.3.1/../../../../arm-none-eabi/lib/thumb/v7e-m+fp/hard\libc_nano.a(libc_a-memset.o)
 .ARM.attributes
                0x0000065b       0x34 C:/st/STM32CubeIDE_1.16.0/STM32CubeIDE/plugins/com.st.stm32cube.ide.mcu.externaltools.gnu-tools-for-stm32.12.3.rel1.win32_1.0.200.202406191623/tools/bin/../lib/gcc/arm-none-eabi/12.3.1/../../../../arm-none-eabi/lib/thumb/v7e-m+fp/hard\libc_nano.a(libc_a-reent.o)
 .ARM.attributes
                0x0000068f       0x34 C:/st/STM32CubeIDE_1.16.0/STM32CubeIDE/plugins/com.st.stm32cube.ide.mcu.externaltools.gnu-tools-for-stm32.12.3.rel1.win32_1.0.200.202406191623/tools/bin/../lib/gcc/arm-none-eabi/12.3.1/../../../../arm-none-eabi/lib/thumb/v7e-m+fp/hard\libc_nano.a(libc_a-impure.o)
 .ARM.attributes
                0x000006c3       0x34 C:/st/STM32CubeIDE_1.16.0/STM32CubeIDE/plugins/com.st.stm32cube.ide.mcu.externaltools.gnu-tools-for-stm32.12.3.rel1.win32_1.0.200.202406191623/tools/bin/../lib/gcc/arm-none-eabi/12.3.1/../../../../arm-none-eabi/lib/thumb/v7e-m+fp/hard\libc_nano.a(libc_a-errno.o)
 .ARM.attributes
                0x000006f7       0x34 C:/st/STM32CubeIDE_1.16.0/STM32CubeIDE/plugins/com.st.stm32cube.ide.mcu.externaltools.gnu-tools-for-stm32.12.3.rel1.win32_1.0.200.202406191623/tools/bin/../lib/gcc/arm-none-eabi/12.3.1/../../../../arm-none-eabi/lib/thumb/v7e-m+fp/hard\libc_nano.a(libc_a-init.o)
 .ARM.attributes
                0x0000072b       0x34 C:/st/STM32CubeIDE_1.16.0/STM32CubeIDE/plugins/com.st.stm32cube.ide.mcu.externaltools.gnu-tools-for-stm32.12.3.rel1.win32_1.0.200.202406191623/tools/bin/../lib/gcc/arm-none-eabi/12.3.1/../../../../arm-none-eabi/lib/thumb/v7e-m+fp/hard\libc_nano.a(libc_a-lock.o)
 .ARM.attributes
                0x0000075f       0x17 C:/st/STM32CubeIDE_1.16.0/STM32CubeIDE/plugins/com.st.stm32cube.ide.mcu.externaltools.gnu-tools-for-stm32.12.3.rel1.win32_1.0.200.202406191623/tools/bin/../lib/gcc/arm-none-eabi/12.3.1/../../../../arm-none-eabi/lib/thumb/v7e-m+fp/hard\libc_nano.a(libc_a-strlen.o)
 .ARM.attributes
                0x00000776       0x34 C:/st/STM32CubeIDE_1.16.0/STM32CubeIDE/plugins/com.st.stm32cube.ide.mcu.externaltools.gnu-tools-for-stm32.12.3.rel1.win32_1.0.200.202406191623/tools/bin/../lib/gcc/arm-none-eabi/12.3.1/../../../../arm-none-eabi/lib/thumb/v7e-m+fp/hard\libc_nano.a(libc_a-freer.o)
 .ARM.attributes
                0x000007aa       0x34 C:/st/STM32CubeIDE_1.16.0/STM32CubeIDE/plugins/com.st.stm32cube.ide.mcu.externaltools.gnu-tools-for-stm32.12.3.rel1.win32_1.0.200.202406191623/tools/bin/../lib/gcc/arm-none-eabi/12.3.1/../../../../arm-none-eabi/lib/thumb/v7e-m+fp/hard\libc_nano.a(libc_a-mallocr.o)
 .ARM.attributes
                0x000007de       0x34 C:/st/STM32CubeIDE_1.16.0/STM32CubeIDE/plugins/com.st.stm32cube.ide.mcu.externaltools.gnu-tools-for-stm32.12.3.rel1.win32_1.0.200.202406191623/tools/bin/../lib/gcc/arm-none-eabi/12.3.1/../../../../arm-none-eabi/lib/thumb/v7e-m+fp/hard\libc_nano.a(libc_a-mlock.o)
 .ARM.attributes
                0x00000812       0x34 C:/st/STM32CubeIDE_1.16.0/STM32CubeIDE/plugins/com.st.stm32cube.ide.mcu.externaltools.gnu-tools-for-stm32.12.3.rel1.win32_1.0.200.202406191623/tools/bin/../lib/gcc/arm-none-eabi/12.3.1/../../../../arm-none-eabi/lib/thumb/v7e-m+fp/hard\libc_nano.a(libc_a-nano-svfprintf.o)
 .ARM.attributes
                0x00000846       0x34 C:/st/STM32CubeIDE_1.16.0/STM32CubeIDE/plugins/com.st.stm32cube.ide.mcu.externaltools.gnu-tools-for-stm32.12.3.rel1.win32_1.0.200.202406191623/tools/bin/../lib/gcc/arm-none-eabi/12.3.1/../../../../arm-none-eabi/lib/thumb/v7e-m+fp/hard\libc_nano.a(libc_a-nano-vfprintf_i.o)
 .ARM.attributes
                0x0000087a       0x34 C:/st/STM32CubeIDE_1.16.0/STM32CubeIDE/plugins/com.st.stm32cube.ide.mcu.externaltools.gnu-tools-for-stm32.12.3.rel1.win32_1.0.200.202406191623/tools/bin/../lib/gcc/arm-none-eabi/12.3.1/../../../../arm-none-eabi/lib/thumb/v7e-m+fp/hard\libc_nano.a(libc_a-memmove.o)
 .ARM.attributes
                0x000008ae       0x34 C:/st/STM32CubeIDE_1.16.0/STM32CubeIDE/plugins/com.st.stm32cube.ide.mcu.externaltools.gnu-tools-for-stm32.12.3.rel1.win32_1.0.200.202406191623/tools/bin/../lib/gcc/arm-none-eabi/12.3.1/../../../../arm-none-eabi/lib/thumb/v7e-m+fp/hard\libc_nano.a(libc_a-sbrkr.o)
 .ARM.attributes
                0x000008e2       0x1c C:/st/STM32CubeIDE_1.16.0/STM32CubeIDE/plugins/com.st.stm32cube.ide.mcu.externaltools.gnu-tools-for-stm32.12.3.rel1.win32_1.0.200.202406191623/tools/bin/../lib/gcc/arm-none-eabi/12.3.1/../../../../arm-none-eabi/lib/thumb/v7e-m+fp/hard\libc_nano.a(libc_a-memchr.o)
 .ARM.attributes
                0x000008fe       0x34 C:/st/STM32CubeIDE_1.16.0/STM32CubeIDE/plugins/com.st.stm32cube.ide.mcu.externaltools.gnu-tools-for-stm32.12.3.rel1.win32_1.0.200.202406191623/tools/bin/../lib/gcc/arm-none-eabi/12.3.1/../../../../arm-none-eabi/lib/thumb/v7e-m+fp/hard\libc_nano.a(libc_a-memcpy-stub.o)
 .ARM.attributes
                0x00000932       0x34 C:/st/STM32CubeIDE_1.16.0/STM32CubeIDE/plugins/com.st.stm32cube.ide.mcu.externaltools.gnu-tools-for-stm32.12.3.rel1.win32_1.0.200.202406191623/tools/bin/../lib/gcc/arm-none-eabi/12.3.1/../../../../arm-none-eabi/lib/thumb/v7e-m+fp/hard\libc_nano.a(libc_a-reallocr.o)
 .ARM.attributes
                0x00000966       0x34 C:/st/STM32CubeIDE_1.16.0/STM32CubeIDE/plugins/com.st.stm32cube.ide.mcu.externaltools.gnu-tools-for-stm32.12.3.rel1.win32_1.0.200.202406191623/tools/bin/../lib/gcc/arm-none-eabi/12.3.1/../../../../arm-none-eabi/lib/thumb/v7e-m+fp/hard\libc_nano.a(libc_a-msizer.o)
 .ARM.attributes
                0x0000099a       0x22 C:/st/STM32CubeIDE_1.16.0/STM32CubeIDE/plugins/com.st.stm32cube.ide.mcu.externaltools.gnu-tools-for-stm32.12.3.rel1.win32_1.0.200.202406191623/tools/bin/../lib/gcc/arm-none-eabi/12.3.1/thumb/v7e-m+fp/hard/crtn.o
OUTPUT(Last.elf elf32-littlearm)
LOAD linker stubs
LOAD C:/st/STM32CubeIDE_1.16.0/STM32CubeIDE/plugins/com.st.stm32cube.ide.mcu.externaltools.gnu-tools-for-stm32.12.3.rel1.win32_1.0.200.202406191623/tools/bin/../lib/gcc/arm-none-eabi/12.3.1/../../../../arm-none-eabi/lib/thumb/v7e-m+fp/hard\libc.a
LOAD C:/st/STM32CubeIDE_1.16.0/STM32CubeIDE/plugins/com.st.stm32cube.ide.mcu.externaltools.gnu-tools-for-stm32.12.3.rel1.win32_1.0.200.202406191623/tools/bin/../lib/gcc/arm-none-eabi/12.3.1/../../../../arm-none-eabi/lib/thumb/v7e-m+fp/hard\libm.a
LOAD C:/st/STM32CubeIDE_1.16.0/STM32CubeIDE/plugins/com.st.stm32cube.ide.mcu.externaltools.gnu-tools-for-stm32.12.3.rel1.win32_1.0.200.202406191623/tools/bin/../lib/gcc/arm-none-eabi/12.3.1/thumb/v7e-m+fp/hard\libgcc.a

.debug_info     0x00000000    0x1754d
 .debug_info    0x00000000      0xc35 ./Core/Src/lms303dlhc.o
 .debug_info    0x00000c35     0x15c7 ./Core/Src/main.o
 .debug_info    0x000021fc      0xfa4 ./Core/Src/stm32f3xx_hal_msp.o
 .debug_info    0x000031a0      0x5e8 ./Core/Src/stm32f3xx_it.o
 .debug_info    0x00003788      0x168 ./Core/Src/sysmem.o
 .debug_info    0x000038f0      0x407 ./Core/Src/system_stm32f3xx.o
 .debug_info    0x00003cf7       0x30 ./Core/Startup/startup_stm32f303vctx.o
 .debug_info    0x00003d27      0x7d4 ./Drivers/STM32F3xx_HAL_Driver/Src/stm32f3xx_hal.o
 .debug_info    0x000044fb      0xce4 ./Drivers/STM32F3xx_HAL_Driver/Src/stm32f3xx_hal_cortex.o
 .debug_info    0x000051df      0x5fe ./Drivers/STM32F3xx_HAL_Driver/Src/stm32f3xx_hal_gpio.o
 .debug_info    0x000057dd     0x20c3 ./Drivers/STM32F3xx_HAL_Driver/Src/stm32f3xx_hal_i2c.o
 .debug_info    0x000078a0      0x818 ./Drivers/STM32F3xx_HAL_Driver/Src/stm32f3xx_hal_i2c_ex.o
 .debug_info    0x000080b8     0x166f ./Drivers/STM32F3xx_HAL_Driver/Src/stm32f3xx_hal_pcd.o
 .debug_info    0x00009727      0x6a9 ./Drivers/STM32F3xx_HAL_Driver/Src/stm32f3xx_hal_pcd_ex.o
 .debug_info    0x00009dd0     0x148a ./Drivers/STM32F3xx_HAL_Driver/Src/stm32f3xx_hal_rcc.o
 .debug_info    0x0000b25a      0x5b9 ./Drivers/STM32F3xx_HAL_Driver/Src/stm32f3xx_hal_rcc_ex.o
 .debug_info    0x0000b813     0x1622 ./Drivers/STM32F3xx_HAL_Driver/Src/stm32f3xx_hal_spi.o
 .debug_info    0x0000ce35     0x39a8 ./Drivers/STM32F3xx_HAL_Driver/Src/stm32f3xx_hal_uart.o
 .debug_info    0x000107dd     0x163b ./Drivers/STM32F3xx_HAL_Driver/Src/stm32f3xx_ll_usb.o
 .debug_info    0x00011e18     0x1028 ./Middlewares/ST/STM32_USB_Device_Library/Class/CDC/Src/usbd_cdc.o
 .debug_info    0x00012e40      0xa52 ./Middlewares/ST/STM32_USB_Device_Library/Core/Src/usbd_core.o
 .debug_info    0x00013892      0x91c ./Middlewares/ST/STM32_USB_Device_Library/Core/Src/usbd_ctlreq.o
 .debug_info    0x000141ae      0x6a0 ./Middlewares/ST/STM32_USB_Device_Library/Core/Src/usbd_ioreq.o
 .debug_info    0x0001484e      0x63d ./USB_DEVICE/App/usb_device.o
 .debug_info    0x00014e8b      0x7ec ./USB_DEVICE/App/usbd_cdc_if.o
 .debug_info    0x00015677      0x44a ./USB_DEVICE/App/usbd_desc.o
 .debug_info    0x00015ac1     0x1a8c ./USB_DEVICE/Target/usbd_conf.o

.debug_abbrev   0x00000000     0x3954
 .debug_abbrev  0x00000000      0x282 ./Core/Src/lms303dlhc.o
 .debug_abbrev  0x00000282      0x323 ./Core/Src/main.o
 .debug_abbrev  0x000005a5      0x1df ./Core/Src/stm32f3xx_hal_msp.o
 .debug_abbrev  0x00000784      0x192 ./Core/Src/stm32f3xx_it.o
 .debug_abbrev  0x00000916       0xbc ./Core/Src/sysmem.o
 .debug_abbrev  0x000009d2      0x11a ./Core/Src/system_stm32f3xx.o
 .debug_abbrev  0x00000aec       0x24 ./Core/Startup/startup_stm32f303vctx.o
 .debug_abbrev  0x00000b10      0x215 ./Drivers/STM32F3xx_HAL_Driver/Src/stm32f3xx_hal.o
 .debug_abbrev  0x00000d25      0x31e ./Drivers/STM32F3xx_HAL_Driver/Src/stm32f3xx_hal_cortex.o
 .debug_abbrev  0x00001043      0x1ca ./Drivers/STM32F3xx_HAL_Driver/Src/stm32f3xx_hal_gpio.o
 .debug_abbrev  0x0000120d      0x260 ./Drivers/STM32F3xx_HAL_Driver/Src/stm32f3xx_hal_i2c.o
 .debug_abbrev  0x0000146d      0x1c2 ./Drivers/STM32F3xx_HAL_Driver/Src/stm32f3xx_hal_i2c_ex.o
 .debug_abbrev  0x0000162f      0x2d9 ./Drivers/STM32F3xx_HAL_Driver/Src/stm32f3xx_hal_pcd.o
 .debug_abbrev  0x00001908      0x189 ./Drivers/STM32F3xx_HAL_Driver/Src/stm32f3xx_hal_pcd_ex.o
 .debug_abbrev  0x00001a91      0x300 ./Drivers/STM32F3xx_HAL_Driver/Src/stm32f3xx_hal_rcc.o
 .debug_abbrev  0x00001d91      0x221 ./Drivers/STM32F3xx_HAL_Driver/Src/stm32f3xx_hal_rcc_ex.o
 .debug_abbrev  0x00001fb2      0x269 ./Drivers/STM32F3xx_HAL_Driver/Src/stm32f3xx_hal_spi.o
 .debug_abbrev  0x0000221b      0x2d1 ./Drivers/STM32F3xx_HAL_Driver/Src/stm32f3xx_hal_uart.o
 .debug_abbrev  0x000024ec      0x247 ./Drivers/STM32F3xx_HAL_Driver/Src/stm32f3xx_ll_usb.o
 .debug_abbrev  0x00002733      0x2d3 ./Middlewares/ST/STM32_USB_Device_Library/Class/CDC/Src/usbd_cdc.o
 .debug_abbrev  0x00002a06      0x24a ./Middlewares/ST/STM32_USB_Device_Library/Core/Src/usbd_core.o
 .debug_abbrev  0x00002c50      0x26b ./Middlewares/ST/STM32_USB_Device_Library/Core/Src/usbd_ctlreq.o
 .debug_abbrev  0x00002ebb      0x192 ./Middlewares/ST/STM32_USB_Device_Library/Core/Src/usbd_ioreq.o
 .debug_abbrev  0x0000304d      0x18d ./USB_DEVICE/App/usb_device.o
 .debug_abbrev  0x000031da      0x25d ./USB_DEVICE/App/usbd_cdc_if.o
 .debug_abbrev  0x00003437      0x1ff ./USB_DEVICE/App/usbd_desc.o
 .debug_abbrev  0x00003636      0x31e ./USB_DEVICE/Target/usbd_conf.o

.debug_aranges  0x00000000     0x1260
 .debug_aranges
                0x00000000       0x90 ./Core/Src/lms303dlhc.o
 .debug_aranges
                0x00000090       0x68 ./Core/Src/main.o
 .debug_aranges
                0x000000f8       0x50 ./Core/Src/stm32f3xx_hal_msp.o
 .debug_aranges
                0x00000148       0x68 ./Core/Src/stm32f3xx_it.o
 .debug_aranges
                0x000001b0       0x20 ./Core/Src/sysmem.o
 .debug_aranges
                0x000001d0       0x28 ./Core/Src/system_stm32f3xx.o
 .debug_aranges
                0x000001f8       0x28 ./Core/Startup/startup_stm32f303vctx.o
 .debug_aranges
                0x00000220       0xe0 ./Drivers/STM32F3xx_HAL_Driver/Src/stm32f3xx_hal.o
 .debug_aranges
                0x00000300      0x128 ./Drivers/STM32F3xx_HAL_Driver/Src/stm32f3xx_hal_cortex.o
 .debug_aranges
                0x00000428       0x58 ./Drivers/STM32F3xx_HAL_Driver/Src/stm32f3xx_hal_gpio.o
 .debug_aranges
                0x00000480      0x2a0 ./Drivers/STM32F3xx_HAL_Driver/Src/stm32f3xx_hal_i2c.o
 .debug_aranges
                0x00000720       0x48 ./Drivers/STM32F3xx_HAL_Driver/Src/stm32f3xx_hal_i2c_ex.o
 .debug_aranges
                0x00000768      0x140 ./Drivers/STM32F3xx_HAL_Driver/Src/stm32f3xx_hal_pcd.o
 .debug_aranges
                0x000008a8       0x38 ./Drivers/STM32F3xx_HAL_Driver/Src/stm32f3xx_hal_pcd_ex.o
 .debug_aranges
                0x000008e0       0x88 ./Drivers/STM32F3xx_HAL_Driver/Src/stm32f3xx_hal_rcc.o
 .debug_aranges
                0x00000968       0x38 ./Drivers/STM32F3xx_HAL_Driver/Src/stm32f3xx_hal_rcc_ex.o
 .debug_aranges
                0x000009a0      0x1d8 ./Drivers/STM32F3xx_HAL_Driver/Src/stm32f3xx_hal_spi.o
 .debug_aranges
                0x00000b78      0x228 ./Drivers/STM32F3xx_HAL_Driver/Src/stm32f3xx_hal_uart.o
 .debug_aranges
                0x00000da0       0xc8 ./Drivers/STM32F3xx_HAL_Driver/Src/stm32f3xx_ll_usb.o
 .debug_aranges
                0x00000e68       0x90 ./Middlewares/ST/STM32_USB_Device_Library/Class/CDC/Src/usbd_cdc.o
 .debug_aranges
                0x00000ef8       0xb8 ./Middlewares/ST/STM32_USB_Device_Library/Core/Src/usbd_core.o
 .debug_aranges
                0x00000fb0       0x88 ./Middlewares/ST/STM32_USB_Device_Library/Core/Src/usbd_ctlreq.o
 .debug_aranges
                0x00001038       0x50 ./Middlewares/ST/STM32_USB_Device_Library/Core/Src/usbd_ioreq.o
 .debug_aranges
                0x00001088       0x20 ./USB_DEVICE/App/usb_device.o
 .debug_aranges
                0x000010a8       0x40 ./USB_DEVICE/App/usbd_cdc_if.o
 .debug_aranges
                0x000010e8       0x60 ./USB_DEVICE/App/usbd_desc.o
 .debug_aranges
                0x00001148      0x118 ./USB_DEVICE/Target/usbd_conf.o

.debug_rnglists
                0x00000000      0xe12
 .debug_rnglists
                0x00000000       0x6b ./Core/Src/lms303dlhc.o
 .debug_rnglists
                0x0000006b       0x4f ./Core/Src/main.o
 .debug_rnglists
                0x000000ba       0x3a ./Core/Src/stm32f3xx_hal_msp.o
 .debug_rnglists
                0x000000f4       0x49 ./Core/Src/stm32f3xx_it.o
 .debug_rnglists
                0x0000013d       0x13 ./Core/Src/sysmem.o
 .debug_rnglists
                0x00000150       0x1a ./Core/Src/system_stm32f3xx.o
 .debug_rnglists
                0x0000016a       0x19 ./Core/Startup/startup_stm32f303vctx.o
 .debug_rnglists
                0x00000183       0xa3 ./Drivers/STM32F3xx_HAL_Driver/Src/stm32f3xx_hal.o
 .debug_rnglists
                0x00000226       0xda ./Drivers/STM32F3xx_HAL_Driver/Src/stm32f3xx_hal_cortex.o
 .debug_rnglists
                0x00000300       0x3f ./Drivers/STM32F3xx_HAL_Driver/Src/stm32f3xx_hal_gpio.o
 .debug_rnglists
                0x0000033f      0x228 ./Drivers/STM32F3xx_HAL_Driver/Src/stm32f3xx_hal_i2c.o
 .debug_rnglists
                0x00000567       0x35 ./Drivers/STM32F3xx_HAL_Driver/Src/stm32f3xx_hal_i2c_ex.o
 .debug_rnglists
                0x0000059c       0xf4 ./Drivers/STM32F3xx_HAL_Driver/Src/stm32f3xx_hal_pcd.o
 .debug_rnglists
                0x00000690       0x26 ./Drivers/STM32F3xx_HAL_Driver/Src/stm32f3xx_hal_pcd_ex.o
 .debug_rnglists
                0x000006b6       0x66 ./Drivers/STM32F3xx_HAL_Driver/Src/stm32f3xx_hal_rcc.o
 .debug_rnglists
                0x0000071c       0x28 ./Drivers/STM32F3xx_HAL_Driver/Src/stm32f3xx_hal_rcc_ex.o
 .debug_rnglists
                0x00000744      0x178 ./Drivers/STM32F3xx_HAL_Driver/Src/stm32f3xx_hal_spi.o
 .debug_rnglists
                0x000008bc      0x1da ./Drivers/STM32F3xx_HAL_Driver/Src/stm32f3xx_hal_uart.o
 .debug_rnglists
                0x00000a96       0x99 ./Drivers/STM32F3xx_HAL_Driver/Src/stm32f3xx_ll_usb.o
 .debug_rnglists
                0x00000b2f       0x6a ./Middlewares/ST/STM32_USB_Device_Library/Class/CDC/Src/usbd_cdc.o
 .debug_rnglists
                0x00000b99       0x89 ./Middlewares/ST/STM32_USB_Device_Library/Core/Src/usbd_core.o
 .debug_rnglists
                0x00000c22       0x68 ./Middlewares/ST/STM32_USB_Device_Library/Core/Src/usbd_ctlreq.o
 .debug_rnglists
                0x00000c8a       0x37 ./Middlewares/ST/STM32_USB_Device_Library/Core/Src/usbd_ioreq.o
 .debug_rnglists
                0x00000cc1       0x13 ./USB_DEVICE/App/usb_device.o
 .debug_rnglists
                0x00000cd4       0x2c ./USB_DEVICE/App/usbd_cdc_if.o
 .debug_rnglists
                0x00000d00       0x43 ./USB_DEVICE/App/usbd_desc.o
 .debug_rnglists
                0x00000d43       0xcf ./USB_DEVICE/Target/usbd_conf.o

.debug_macro    0x00000000    0x212da
 .debug_macro   0x00000000      0x3bc ./Core/Src/lms303dlhc.o
 .debug_macro   0x000003bc      0xab4 ./Core/Src/lms303dlhc.o
 .debug_macro   0x00000e70      0x15d ./Core/Src/lms303dlhc.o
 .debug_macro   0x00000fcd       0x2e ./Core/Src/lms303dlhc.o
 .debug_macro   0x00000ffb       0x28 ./Core/Src/lms303dlhc.o
 .debug_macro   0x00001023       0x22 ./Core/Src/lms303dlhc.o
 .debug_macro   0x00001045       0x8e ./Core/Src/lms303dlhc.o
 .debug_macro   0x000010d3       0x51 ./Core/Src/lms303dlhc.o
 .debug_macro   0x00001124      0x103 ./Core/Src/lms303dlhc.o
 .debug_macro   0x00001227       0x6a ./Core/Src/lms303dlhc.o
 .debug_macro   0x00001291      0x1df ./Core/Src/lms303dlhc.o
 .debug_macro   0x00001470       0x1c ./Core/Src/lms303dlhc.o
 .debug_macro   0x0000148c       0x22 ./Core/Src/lms303dlhc.o
 .debug_macro   0x000014ae       0xd9 ./Core/Src/lms303dlhc.o
 .debug_macro   0x00001587     0x102d ./Core/Src/lms303dlhc.o
 .debug_macro   0x000025b4      0x11f ./Core/Src/lms303dlhc.o
 .debug_macro   0x000026d3    0x12a3a ./Core/Src/lms303dlhc.o
 .debug_macro   0x0001510d       0x6d ./Core/Src/lms303dlhc.o
 .debug_macro   0x0001517a     0x3574 ./Core/Src/lms303dlhc.o
 .debug_macro   0x000186ee      0x189 ./Core/Src/lms303dlhc.o
 .debug_macro   0x00018877       0x55 ./Core/Src/lms303dlhc.o
 .debug_macro   0x000188cc      0x961 ./Core/Src/lms303dlhc.o
 .debug_macro   0x0001922d      0x5fe ./Core/Src/lms303dlhc.o
 .debug_macro   0x0001982b      0x1b5 ./Core/Src/lms303dlhc.o
 .debug_macro   0x000199e0      0x1fb ./Core/Src/lms303dlhc.o
 .debug_macro   0x00019bdb      0x1dc ./Core/Src/lms303dlhc.o
 .debug_macro   0x00019db7      0x1bc ./Core/Src/lms303dlhc.o
 .debug_macro   0x00019f73       0x30 ./Core/Src/lms303dlhc.o
 .debug_macro   0x00019fa3       0x3c ./Core/Src/lms303dlhc.o
 .debug_macro   0x00019fdf      0x235 ./Core/Src/lms303dlhc.o
 .debug_macro   0x0001a214       0xc5 ./Core/Src/lms303dlhc.o
 .debug_macro   0x0001a2d9      0x21d ./Core/Src/lms303dlhc.o
 .debug_macro   0x0001a4f6      0x22c ./Core/Src/lms303dlhc.o
 .debug_macro   0x0001a722       0x5b ./Core/Src/lms303dlhc.o
 .debug_macro   0x0001a77d       0xa5 ./Core/Src/lms303dlhc.o
 .debug_macro   0x0001a822       0x73 ./Core/Src/lms303dlhc.o
 .debug_macro   0x0001a895      0x242 ./Core/Src/lms303dlhc.o
 .debug_macro   0x0001aad7       0x81 ./Core/Src/lms303dlhc.o
 .debug_macro   0x0001ab58       0xd3 ./Core/Src/lms303dlhc.o
 .debug_macro   0x0001ac2b      0x2fe ./Core/Src/lms303dlhc.o
 .debug_macro   0x0001af29      0x5ba ./Core/Src/lms303dlhc.o
 .debug_macro   0x0001b4e3       0x3e ./Core/Src/lms303dlhc.o
 .debug_macro   0x0001b521      0x275 ./Core/Src/lms303dlhc.o
 .debug_macro   0x0001b796       0x61 ./Core/Src/lms303dlhc.o
 .debug_macro   0x0001b7f7       0x2a ./Core/Src/lms303dlhc.o
 .debug_macro   0x0001b821       0x43 ./Core/Src/lms303dlhc.o
 .debug_macro   0x0001b864       0x34 ./Core/Src/lms303dlhc.o
 .debug_macro   0x0001b898       0x16 ./Core/Src/lms303dlhc.o
 .debug_macro   0x0001b8ae       0x43 ./Core/Src/lms303dlhc.o
 .debug_macro   0x0001b8f1       0x34 ./Core/Src/lms303dlhc.o
 .debug_macro   0x0001b925       0x10 ./Core/Src/lms303dlhc.o
 .debug_macro   0x0001b935       0x58 ./Core/Src/lms303dlhc.o
 .debug_macro   0x0001b98d       0x8e ./Core/Src/lms303dlhc.o
 .debug_macro   0x0001ba1b       0x1c ./Core/Src/lms303dlhc.o
 .debug_macro   0x0001ba37      0x177 ./Core/Src/lms303dlhc.o
 .debug_macro   0x0001bbae      0x369 ./Core/Src/lms303dlhc.o
 .debug_macro   0x0001bf17       0x10 ./Core/Src/lms303dlhc.o
 .debug_macro   0x0001bf27       0x35 ./Core/Src/lms303dlhc.o
 .debug_macro   0x0001bf5c       0x20 ./Core/Src/lms303dlhc.o
 .debug_macro   0x0001bf7c      0x2a2 ./Core/Src/lms303dlhc.o
 .debug_macro   0x0001c21e       0x1c ./Core/Src/lms303dlhc.o
 .debug_macro   0x0001c23a       0x10 ./Core/Src/lms303dlhc.o
 .debug_macro   0x0001c24a       0x1c ./Core/Src/lms303dlhc.o
 .debug_macro   0x0001c266       0x16 ./Core/Src/lms303dlhc.o
 .debug_macro   0x0001c27c      0x146 ./Core/Src/lms303dlhc.o
 .debug_macro   0x0001c3c2       0x16 ./Core/Src/lms303dlhc.o
 .debug_macro   0x0001c3d8       0x16 ./Core/Src/lms303dlhc.o
 .debug_macro   0x0001c3ee       0x29 ./Core/Src/lms303dlhc.o
 .debug_macro   0x0001c417      0x166 ./Core/Src/lms303dlhc.o
 .debug_macro   0x0001c57d       0x59 ./Core/Src/lms303dlhc.o
 .debug_macro   0x0001c5d6      0x1c8 ./Core/Src/lms303dlhc.o
 .debug_macro   0x0001c79e       0x8f ./Core/Src/lms303dlhc.o
 .debug_macro   0x0001c82d       0x10 ./Core/Src/lms303dlhc.o
 .debug_macro   0x0001c83d      0x3db ./Core/Src/main.o
 .debug_macro   0x0001cc18      0x160 ./Core/Src/main.o
 .debug_macro   0x0001cd78       0x16 ./Core/Src/main.o
 .debug_macro   0x0001cd8e       0x16 ./Core/Src/main.o
 .debug_macro   0x0001cda4       0x16 ./Core/Src/main.o
 .debug_macro   0x0001cdba      0x19b ./Core/Src/main.o
 .debug_macro   0x0001cf55       0x10 ./Core/Src/main.o
 .debug_macro   0x0001cf65      0x20b ./Core/Src/stm32f3xx_hal_msp.o
 .debug_macro   0x0001d170      0x215 ./Core/Src/stm32f3xx_it.o
 .debug_macro   0x0001d385       0xff ./Core/Src/sysmem.o
 .debug_macro   0x0001d484      0x23c ./Core/Src/sysmem.o
 .debug_macro   0x0001d6c0      0x1fc ./Core/Src/system_stm32f3xx.o
 .debug_macro   0x0001d8bc      0x220 ./Drivers/STM32F3xx_HAL_Driver/Src/stm32f3xx_hal.o
 .debug_macro   0x0001dadc      0x1fc ./Drivers/STM32F3xx_HAL_Driver/Src/stm32f3xx_hal_cortex.o
 .debug_macro   0x0001dcd8      0x203 ./Drivers/STM32F3xx_HAL_Driver/Src/stm32f3xx_hal_gpio.o
 .debug_macro   0x0001dedb      0x2c8 ./Drivers/STM32F3xx_HAL_Driver/Src/stm32f3xx_hal_i2c.o
 .debug_macro   0x0001e1a3      0x1fc ./Drivers/STM32F3xx_HAL_Driver/Src/stm32f3xx_hal_i2c_ex.o
 .debug_macro   0x0001e39f      0x208 ./Drivers/STM32F3xx_HAL_Driver/Src/stm32f3xx_hal_pcd.o
 .debug_macro   0x0001e5a7      0x1fc ./Drivers/STM32F3xx_HAL_Driver/Src/stm32f3xx_hal_pcd_ex.o