../Core/Inc/vector.h:15:6:M3fSetRow	24	static
../Core/Inc/vector.h:22:6:M3fMultiply	24	static
../Core/Inc/vector.h:36:6:V3fTransform	24	static
../Core/Src/main.c:75:5:main	264	static
../Core/Src/main.c:160:6:SystemClock_Config	128	static
../Core/Src/main.c:211:13:MX_I2C1_Init	8	static
../Core/Src/main.c:259:13:MX_SPI1_Init	8	static
../Core/Src/main.c:299:13:MX_USART2_UART_Init	8	static
../Core/Src/main.c:334:13:MX_GPIO_Init	48	static
../Core/Src/main.c:389:6:Error_Handler	4	static,ignoring_inline_asm
